Archive member included to satisfy reference by file (symbol)

d:/st/stm32cubeide_1.0.0/stm32cubeide/plugins/com.st.stm32cube.ide.mcu.externaltools.gnu-tools-for-stm32.7-2018-q2-update.win32_1.0.0.201904181610/tools/bin/../lib/gcc/arm-none-eabi/7.3.1/../../../../arm-none-eabi/lib/thumb/v7e-m/fpv4-sp/hard\libc_nano.a(lib_a-errno.o)
                              Core/Src/syscalls.o (__errno)
d:/st/stm32cubeide_1.0.0/stm32cubeide/plugins/com.st.stm32cube.ide.mcu.externaltools.gnu-tools-for-stm32.7-2018-q2-update.win32_1.0.0.201904181610/tools/bin/../lib/gcc/arm-none-eabi/7.3.1/../../../../arm-none-eabi/lib/thumb/v7e-m/fpv4-sp/hard\libc_nano.a(lib_a-exit.o)
                              d:/st/stm32cubeide_1.0.0/stm32cubeide/plugins/com.st.stm32cube.ide.mcu.externaltools.gnu-tools-for-stm32.7-2018-q2-update.win32_1.0.0.201904181610/tools/bin/../lib/gcc/arm-none-eabi/7.3.1/../../../../arm-none-eabi/lib/thumb/v7e-m/fpv4-sp/hard/crt0.o (exit)
d:/st/stm32cubeide_1.0.0/stm32cubeide/plugins/com.st.stm32cube.ide.mcu.externaltools.gnu-tools-for-stm32.7-2018-q2-update.win32_1.0.0.201904181610/tools/bin/../lib/gcc/arm-none-eabi/7.3.1/../../../../arm-none-eabi/lib/thumb/v7e-m/fpv4-sp/hard\libc_nano.a(lib_a-impure.o)
                              d:/st/stm32cubeide_1.0.0/stm32cubeide/plugins/com.st.stm32cube.ide.mcu.externaltools.gnu-tools-for-stm32.7-2018-q2-update.win32_1.0.0.201904181610/tools/bin/../lib/gcc/arm-none-eabi/7.3.1/../../../../arm-none-eabi/lib/thumb/v7e-m/fpv4-sp/hard\libc_nano.a(lib_a-exit.o) (_global_impure_ptr)
d:/st/stm32cubeide_1.0.0/stm32cubeide/plugins/com.st.stm32cube.ide.mcu.externaltools.gnu-tools-for-stm32.7-2018-q2-update.win32_1.0.0.201904181610/tools/bin/../lib/gcc/arm-none-eabi/7.3.1/../../../../arm-none-eabi/lib/thumb/v7e-m/fpv4-sp/hard\libc_nano.a(lib_a-init.o)
                              d:/st/stm32cubeide_1.0.0/stm32cubeide/plugins/com.st.stm32cube.ide.mcu.externaltools.gnu-tools-for-stm32.7-2018-q2-update.win32_1.0.0.201904181610/tools/bin/../lib/gcc/arm-none-eabi/7.3.1/../../../../arm-none-eabi/lib/thumb/v7e-m/fpv4-sp/hard/crt0.o (__libc_init_array)
d:/st/stm32cubeide_1.0.0/stm32cubeide/plugins/com.st.stm32cube.ide.mcu.externaltools.gnu-tools-for-stm32.7-2018-q2-update.win32_1.0.0.201904181610/tools/bin/../lib/gcc/arm-none-eabi/7.3.1/../../../../arm-none-eabi/lib/thumb/v7e-m/fpv4-sp/hard\libc_nano.a(lib_a-memset.o)
                              d:/st/stm32cubeide_1.0.0/stm32cubeide/plugins/com.st.stm32cube.ide.mcu.externaltools.gnu-tools-for-stm32.7-2018-q2-update.win32_1.0.0.201904181610/tools/bin/../lib/gcc/arm-none-eabi/7.3.1/../../../../arm-none-eabi/lib/thumb/v7e-m/fpv4-sp/hard/crt0.o (memset)
d:/st/stm32cubeide_1.0.0/stm32cubeide/plugins/com.st.stm32cube.ide.mcu.externaltools.gnu-tools-for-stm32.7-2018-q2-update.win32_1.0.0.201904181610/tools/bin/../lib/gcc/arm-none-eabi/7.3.1/thumb/v7e-m/fpv4-sp/hard\libgcc.a(_aeabi_uldivmod.o)
                              Drivers/STM32F4xx_HAL_Driver/Src/stm32f4xx_hal_rcc.o (__aeabi_uldivmod)
d:/st/stm32cubeide_1.0.0/stm32cubeide/plugins/com.st.stm32cube.ide.mcu.externaltools.gnu-tools-for-stm32.7-2018-q2-update.win32_1.0.0.201904181610/tools/bin/../lib/gcc/arm-none-eabi/7.3.1/thumb/v7e-m/fpv4-sp/hard\libgcc.a(_udivmoddi4.o)
                              d:/st/stm32cubeide_1.0.0/stm32cubeide/plugins/com.st.stm32cube.ide.mcu.externaltools.gnu-tools-for-stm32.7-2018-q2-update.win32_1.0.0.201904181610/tools/bin/../lib/gcc/arm-none-eabi/7.3.1/thumb/v7e-m/fpv4-sp/hard\libgcc.a(_aeabi_uldivmod.o) (__udivmoddi4)
d:/st/stm32cubeide_1.0.0/stm32cubeide/plugins/com.st.stm32cube.ide.mcu.externaltools.gnu-tools-for-stm32.7-2018-q2-update.win32_1.0.0.201904181610/tools/bin/../lib/gcc/arm-none-eabi/7.3.1/thumb/v7e-m/fpv4-sp/hard\libgcc.a(_dvmd_tls.o)
                              d:/st/stm32cubeide_1.0.0/stm32cubeide/plugins/com.st.stm32cube.ide.mcu.externaltools.gnu-tools-for-stm32.7-2018-q2-update.win32_1.0.0.201904181610/tools/bin/../lib/gcc/arm-none-eabi/7.3.1/thumb/v7e-m/fpv4-sp/hard\libgcc.a(_aeabi_uldivmod.o) (__aeabi_ldiv0)

Allocating common symbols
Common symbol       size              file

hcrc                0x8               Core/Src/crc.o
uwTick              0x4               Drivers/STM32F4xx_HAL_Driver/Src/stm32f4xx_hal.o
pFlash              0x20              Drivers/STM32F4xx_HAL_Driver/Src/stm32f4xx_hal_flash.o
huart2              0x44              Core/Src/usart.o

Discarded input sections

 .text          0x0000000000000000        0x0 d:/st/stm32cubeide_1.0.0/stm32cubeide/plugins/com.st.stm32cube.ide.mcu.externaltools.gnu-tools-for-stm32.7-2018-q2-update.win32_1.0.0.201904181610/tools/bin/../lib/gcc/arm-none-eabi/7.3.1/thumb/v7e-m/fpv4-sp/hard/crti.o
 .data          0x0000000000000000        0x0 d:/st/stm32cubeide_1.0.0/stm32cubeide/plugins/com.st.stm32cube.ide.mcu.externaltools.gnu-tools-for-stm32.7-2018-q2-update.win32_1.0.0.201904181610/tools/bin/../lib/gcc/arm-none-eabi/7.3.1/thumb/v7e-m/fpv4-sp/hard/crti.o
[...]
Memory Configuration

Name             Origin             Length             Attributes
CCMRAM           0x0000000010000000 0x0000000000010000 xrw
RAM              0x0000000020000000 0x0000000000030000 xrw
FLASH            0x0000000008008000 0x0000000000200000 xr
*default*        0x0000000000000000 0xffffffffffffffff

Linker script and memory map

LOAD d:/st/stm32cubeide_1.0.0/stm32cubeide/plugins/com.st.stm32cube.ide.mcu.externaltools.gnu-tools-for-stm32.7-2018-q2-update.win32_1.0.0.201904181610/tools/bin/../lib/gcc/arm-none-eabi/7.3.1/thumb/v7e-m/fpv4-sp/hard/crti.o
LOAD d:/st/stm32cubeide_1.0.0/stm32cubeide/plugins/com.st.stm32cube.ide.mcu.externaltools.gnu-tools-for-stm32.7-2018-q2-update.win32_1.0.0.201904181610/tools/bin/../lib/gcc/arm-none-eabi/7.3.1/thumb/v7e-m/fpv4-sp/hard/crtbegin.o
LOAD d:/st/stm32cubeide_1.0.0/stm32cubeide/plugins/com.st.stm32cube.ide.mcu.externaltools.gnu-tools-for-stm32.7-2018-q2-update.win32_1.0.0.201904181610/tools/bin/../lib/gcc/arm-none-eabi/7.3.1/../../../../arm-none-eabi/lib/thumb/v7e-m/fpv4-sp/hard/crt0.o
LOAD Core/Src/crc.o
LOAD Core/Src/gpio.o
LOAD Core/Src/main.o
LOAD Core/Src/stm32f4xx_hal_msp.o
LOAD Core/Src/stm32f4xx_it.o
LOAD Core/Src/syscalls.o
LOAD Core/Src/sysmem.o
LOAD Core/Src/system_stm32f4xx.o
LOAD Core/Src/usart.o
LOAD Core/Startup/startup_stm32f429zitx.o
LOAD Drivers/STM32F4xx_HAL_Driver/Src/stm32f4xx_hal.o
LOAD Drivers/STM32F4xx_HAL_Driver/Src/stm32f4xx_hal_cortex.o
LOAD Drivers/STM32F4xx_HAL_Driver/Src/stm32f4xx_hal_crc.o
LOAD Drivers/STM32F4xx_HAL_Driver/Src/stm32f4xx_hal_dma.o
LOAD Drivers/STM32F4xx_HAL_Driver/Src/stm32f4xx_hal_dma_ex.o
LOAD Drivers/STM32F4xx_HAL_Driver/Src/stm32f4xx_hal_exti.o
LOAD Drivers/STM32F4xx_HAL_Driver/Src/stm32f4xx_hal_flash.o
LOAD Drivers/STM32F4xx_HAL_Driver/Src/stm32f4xx_hal_flash_ex.o
LOAD Drivers/STM32F4xx_HAL_Driver/Src/stm32f4xx_hal_flash_ramfunc.o
LOAD Drivers/STM32F4xx_HAL_Driver/Src/stm32f4xx_hal_gpio.o
LOAD Drivers/STM32F4xx_HAL_Driver/Src/stm32f4xx_hal_pwr.o
LOAD Drivers/STM32F4xx_HAL_Driver/Src/stm32f4xx_hal_pwr_ex.o
LOAD Drivers/STM32F4xx_HAL_Driver/Src/stm32f4xx_hal_rcc.o
LOAD Drivers/STM32F4xx_HAL_Driver/Src/stm32f4xx_hal_rcc_ex.o
LOAD Drivers/STM32F4xx_HAL_Driver/Src/stm32f4xx_hal_tim.o
LOAD Drivers/STM32F4xx_HAL_Driver/Src/stm32f4xx_hal_tim_ex.o
LOAD Drivers/STM32F4xx_HAL_Driver/Src/stm32f4xx_hal_uart.o
START GROUP
LOAD d:/st/stm32cubeide_1.0.0/stm32cubeide/plugins/com.st.stm32cube.ide.mcu.externaltools.gnu-tools-for-stm32.7-2018-q2-update.win32_1.0.0.201904181610/tools/bin/../lib/gcc/arm-none-eabi/7.3.1/../../../../arm-none-eabi/lib/thumb/v7e-m/fpv4-sp/hard\libc_nano.a
LOAD d:/st/stm32cubeide_1.0.0/stm32cubeide/plugins/com.st.stm32cube.ide.mcu.externaltools.gnu-tools-for-stm32.7-2018-q2-update.win32_1.0.0.201904181610/tools/bin/../lib/gcc/arm-none-eabi/7.3.1/../../../../arm-none-eabi/lib/thumb/v7e-m/fpv4-sp/hard\libm.a
END GROUP
START GROUP
LOAD d:/st/stm32cubeide_1.0.0/stm32cubeide/plugins/com.st.stm32cube.ide.mcu.externaltools.gnu-tools-for-stm32.7-2018-q2-update.win32_1.0.0.201904181610/tools/bin/../lib/gcc/arm-none-eabi/7.3.1/thumb/v7e-m/fpv4-sp/hard\libgcc.a
LOAD d:/st/stm32cubeide_1.0.0/stm32cubeide/plugins/com.st.stm32cube.ide.mcu.externaltools.gnu-tools-for-stm32.7-2018-q2-update.win32_1.0.0.201904181610/tools/bin/../lib/gcc/arm-none-eabi/7.3.1/../../../../arm-none-eabi/lib/thumb/v7e-m/fpv4-sp/hard\libc_nano.a
END GROUP
START GROUP
LOAD d:/st/stm32cubeide_1.0.0/stm32cubeide/plugins/com.st.stm32cube.ide.mcu.externaltools.gnu-tools-for-stm32.7-2018-q2-update.win32_1.0.0.201904181610/tools/bin/../lib/gcc/arm-none-eabi/7.3.1/thumb/v7e-m/fpv4-sp/hard\libgcc.a
LOAD d:/st/stm32cubeide_1.0.0/stm32cubeide/plugins/com.st.stm32cube.ide.mcu.externaltools.gnu-tools-for-stm32.7-2018-q2-update.win32_1.0.0.201904181610/tools/bin/../lib/gcc/arm-none-eabi/7.3.1/../../../../arm-none-eabi/lib/thumb/v7e-m/fpv4-sp/hard\libc_nano.a
LOAD d:/st/stm32cubeide_1.0.0/stm32cubeide/plugins/com.st.stm32cube.ide.mcu.externaltools.gnu-tools-for-stm32.7-2018-q2-update.win32_1.0.0.201904181610/tools/bin/../lib/gcc/arm-none-eabi/7.3.1/../../../../arm-none-eabi/lib/thumb/v7e-m/fpv4-sp/hard\libnosys.a
END GROUP
START GROUP
LOAD d:/st/stm32cubeide_1.0.0/stm32cubeide/plugins/com.st.stm32cube.ide.mcu.externaltools.gnu-tools-for-stm32.7-2018-q2-update.win32_1.0.0.201904181610/tools/bin/../lib/gcc/arm-none-eabi/7.3.1/thumb/v7e-m/fpv4-sp/hard\libgcc.a
LOAD d:/st/stm32cubeide_1.0.0/stm32cubeide/plugins/com.st.stm32cube.ide.mcu.externaltools.gnu-tools-for-stm32.7-2018-q2-update.win32_1.0.0.201904181610/tools/bin/../lib/gcc/arm-none-eabi/7.3.1/../../../../arm-none-eabi/lib/thumb/v7e-m/fpv4-sp/hard\libc_nano.a
LOAD d:/st/stm32cubeide_1.0.0/stm32cubeide/plugins/com.st.stm32cube.ide.mcu.externaltools.gnu-tools-for-stm32.7-2018-q2-update.win32_1.0.0.201904181610/tools/bin/../lib/gcc/arm-none-eabi/7.3.1/../../../../arm-none-eabi/lib/thumb/v7e-m/fpv4-sp/hard\libnosys.a
END GROUP
LOAD d:/st/stm32cubeide_1.0.0/stm32cubeide/plugins/com.st.stm32cube.ide.mcu.externaltools.gnu-tools-for-stm32.7-2018-q2-update.win32_1.0.0.201904181610/tools/bin/../lib/gcc/arm-none-eabi/7.3.1/thumb/v7e-m/fpv4-sp/hard/crtend.o
LOAD d:/st/stm32cubeide_1.0.0/stm32cubeide/plugins/com.st.stm32cube.ide.mcu.externaltools.gnu-tools-for-stm32.7-2018-q2-update.win32_1.0.0.201904181610/tools/bin/../lib/gcc/arm-none-eabi/7.3.1/thumb/v7e-m/fpv4-sp/hard/crtn.o
                0x0000000020030000                _estack = (ORIGIN (RAM) + LENGTH (RAM))
                0x0000000000000200                _Min_Heap_Size = 0x200
                0x0000000000000400                _Min_Stack_Size = 0x400

.isr_vector     0x0000000008008000      0x1ac
                0x0000000008008000                . = ALIGN (0x4)
 *(.isr_vector)
 .isr_vector    0x0000000008008000      0x1ac Core/Startup/startup_stm32f429zitx.o
                0x0000000008008000                g_pfnVectors
                0x00000000080081ac                . = ALIGN (0x4)

.text           0x00000000080081ac     0x1dc4
                0x00000000080081ac                . = ALIGN (0x4)
 *(.text)
 .text          0x00000000080081ac       0x40 d:/st/stm32cubeide_1.0.0/stm32cubeide/plugins/com.st.stm32cube.ide.mcu.externaltools.gnu-tools-for-stm32.7-2018-q2-update.win32_1.0.0.201904181610/tools/bin/../lib/gcc/arm-none-eabi/7.3.1/thumb/v7e-m/fpv4-sp/hard/crtbegin.o
 .text          0x00000000080081ec       0x30 d:/st/stm32cubeide_1.0.0/stm32cubeide/plugins/com.st.stm32cube.ide.mcu.externaltools.gnu-tools-for-stm32.7-2018-q2-update.win32_1.0.0.201904181610/tools/bin/../lib/gcc/arm-none-eabi/7.3.1/thumb/v7e-m/fpv4-sp/hard\libgcc.a(_aeabi_uldivmod.o)
                0x00000000080081ec                __aeabi_uldivmod
 .text          0x000000000800821c      0x2cc d:/st/stm32cubeide_1.0.0/stm32cubeide/plugins/com.st.stm32cube.ide.mcu.externaltools.gnu-tools-for-stm32.7-2018-q2-update.win32_1.0.0.201904181610/tools/bin/../lib/gcc/arm-none-eabi/7.3.1/thumb/v7e-m/fpv4-sp/hard\libgcc.a(_udivmoddi4.o)
                0x000000000800821c                __udivmoddi4
 .text          0x00000000080084e8        0x4 d:/st/stm32cubeide_1.0.0/stm32cubeide/plugins/com.st.stm32cube.ide.mcu.externaltools.gnu-tools-for-stm32.7-2018-q2-update.win32_1.0.0.201904181610/tools/bin/../lib/gcc/arm-none-eabi/7.3.1/thumb/v7e-m/fpv4-sp/hard\libgcc.a(_dvmd_tls.o)
                0x00000000080084e8                __aeabi_idiv0
                0x00000000080084e8                __aeabi_ldiv0
 *(.text*)
 .text.MX_CRC_Init
                0x00000000080084ec       0x28 Core/Src/crc.o
                0x00000000080084ec                MX_CRC_Init
 .text.HAL_CRC_MspInit
                0x0000000008008514       0x44 Core/Src/crc.o
                0x0000000008008514                HAL_CRC_MspInit
 .text.MX_GPIO_Init
                0x0000000008008558      0x244 Core/Src/gpio.o
                0x0000000008008558                MX_GPIO_Init
 .text.main     0x000000000800879c       0x30 Core/Src/main.o
                0x000000000800879c                main
 .text.SystemClock_Config
                0x00000000080087cc       0xd4 Core/Src/main.o
                0x00000000080087cc                SystemClock_Config
 .text.Error_Handler
                0x00000000080088a0        0x8 Core/Src/main.o
                0x00000000080088a0                Error_Handler
 .text.HAL_MspInit
                0x00000000080088a8       0x50 Core/Src/stm32f4xx_hal_msp.o
                0x00000000080088a8                HAL_MspInit
 .text.NMI_Handler
                0x00000000080088f8        0x6 Core/Src/stm32f4xx_it.o
                0x00000000080088f8                NMI_Handler
 .text.HardFault_Handler
                0x00000000080088fe        0x6 Core/Src/stm32f4xx_it.o
                0x00000000080088fe                HardFault_Handler
 .text.MemManage_Handler
                0x0000000008008904        0x6 Core/Src/stm32f4xx_it.o
                0x0000000008008904                MemManage_Handler
 .text.BusFault_Handler
                0x000000000800890a        0x6 Core/Src/stm32f4xx_it.o
                0x000000000800890a                BusFault_Handler
 .text.UsageFault_Handler
                0x0000000008008910        0x6 Core/Src/stm32f4xx_it.o
                0x0000000008008910                UsageFault_Handler
 .text.SVC_Handler
                0x0000000008008916        0xe Core/Src/stm32f4xx_it.o
                0x0000000008008916                SVC_Handler
 .text.DebugMon_Handler
                0x0000000008008924        0xe Core/Src/stm32f4xx_it.o
                0x0000000008008924                DebugMon_Handler
 .text.PendSV_Handler
                0x0000000008008932        0xe Core/Src/stm32f4xx_it.o
                0x0000000008008932                PendSV_Handler
 .text.SysTick_Handler
                0x0000000008008940        0xc Core/Src/stm32f4xx_it.o
                0x0000000008008940                SysTick_Handler
 .text.SystemInit
                0x000000000800894c       0x2c Core/Src/system_stm32f4xx.o
                0x000000000800894c                SystemInit
 .text.MX_USART2_UART_Init
                0x0000000008008978       0x54 Core/Src/usart.o
                0x0000000008008978                MX_USART2_UART_Init
 .text.HAL_UART_MspInit
                0x00000000080089cc       0xd0 Core/Src/usart.o
                0x00000000080089cc                HAL_UART_MspInit
 .text.Reset_Handler
                0x0000000008008a9c       0x50 Core/Startup/startup_stm32f429zitx.o
                0x0000000008008a9c                Reset_Handler
 .text.Default_Handler
                0x0000000008008aec        0x2 Core/Startup/startup_stm32f429zitx.o
                0x0000000008008aec                RTC_Alarm_IRQHandler
                0x0000000008008aec                HASH_RNG_IRQHandler
                0x0000000008008aec                EXTI2_IRQHandler
                0x0000000008008aec                TIM8_CC_IRQHandler
                0x0000000008008aec                UART8_IRQHandler
                0x0000000008008aec                SPI4_IRQHandler
                0x0000000008008aec                TIM1_CC_IRQHandler
                0x0000000008008aec                DMA2_Stream5_IRQHandler
                0x0000000008008aec                DMA1_Stream5_IRQHandler
                0x0000000008008aec                PVD_IRQHandler
                0x0000000008008aec                SDIO_IRQHandler
                0x0000000008008aec                TAMP_STAMP_IRQHandler
                0x0000000008008aec                CAN2_RX1_IRQHandler
                0x0000000008008aec                EXTI3_IRQHandler
                0x0000000008008aec                TIM8_TRG_COM_TIM14_IRQHandler
                0x0000000008008aec                TIM1_UP_TIM10_IRQHandler
                0x0000000008008aec                TIM8_UP_TIM13_IRQHandler
                0x0000000008008aec                I2C3_ER_IRQHandler
                0x0000000008008aec                EXTI0_IRQHandler
                0x0000000008008aec                I2C2_EV_IRQHandler
                0x0000000008008aec                DMA1_Stream2_IRQHandler
                0x0000000008008aec                CAN1_RX0_IRQHandler
                0x0000000008008aec                FPU_IRQHandler
                0x0000000008008aec                OTG_HS_WKUP_IRQHandler
                0x0000000008008aec                LTDC_ER_IRQHandler
                0x0000000008008aec                CAN2_SCE_IRQHandler
                0x0000000008008aec                DMA2_Stream2_IRQHandler
                0x0000000008008aec                SPI1_IRQHandler
                0x0000000008008aec                TIM6_DAC_IRQHandler
                0x0000000008008aec                TIM1_BRK_TIM9_IRQHandler
                0x0000000008008aec                DCMI_IRQHandler
                0x0000000008008aec                CAN2_RX0_IRQHandler
                0x0000000008008aec                DMA2_Stream3_IRQHandler
                0x0000000008008aec                USART6_IRQHandler
                0x0000000008008aec                USART3_IRQHandler
                0x0000000008008aec                CAN1_RX1_IRQHandler
                0x0000000008008aec                UART5_IRQHandler
                0x0000000008008aec                DMA2_Stream0_IRQHandler
                0x0000000008008aec                TIM4_IRQHandler
                0x0000000008008aec                I2C1_EV_IRQHandler
                0x0000000008008aec                DMA1_Stream6_IRQHandler
                0x0000000008008aec                DMA1_Stream1_IRQHandler
                0x0000000008008aec                UART4_IRQHandler
                0x0000000008008aec                TIM3_IRQHandler
                0x0000000008008aec                RCC_IRQHandler
                0x0000000008008aec                TIM8_BRK_TIM12_IRQHandler
                0x0000000008008aec                Default_Handler
                0x0000000008008aec                EXTI15_10_IRQHandler
                0x0000000008008aec                ADC_IRQHandler
                0x0000000008008aec                DMA1_Stream7_IRQHandler
                0x0000000008008aec                SPI5_IRQHandler
                0x0000000008008aec                TIM7_IRQHandler
                0x0000000008008aec                CAN2_TX_IRQHandler
                0x0000000008008aec                TIM5_IRQHandler
                0x0000000008008aec                DMA2_Stream7_IRQHandler
                0x0000000008008aec                I2C3_EV_IRQHandler
                0x0000000008008aec                EXTI9_5_IRQHandler
                0x0000000008008aec                RTC_WKUP_IRQHandler
                0x0000000008008aec                LTDC_IRQHandler
                0x0000000008008aec                ETH_WKUP_IRQHandler
                0x0000000008008aec                SPI2_IRQHandler
                0x0000000008008aec                OTG_HS_EP1_IN_IRQHandler
                0x0000000008008aec                DMA1_Stream0_IRQHandler
                0x0000000008008aec                CAN1_TX_IRQHandler
                0x0000000008008aec                EXTI4_IRQHandler
                0x0000000008008aec                ETH_IRQHandler
                0x0000000008008aec                OTG_HS_EP1_OUT_IRQHandler
                0x0000000008008aec                WWDG_IRQHandler
                0x0000000008008aec                SPI6_IRQHandler
                0x0000000008008aec                TIM2_IRQHandler
                0x0000000008008aec                OTG_FS_WKUP_IRQHandler
                0x0000000008008aec                TIM1_TRG_COM_TIM11_IRQHandler
                0x0000000008008aec                OTG_HS_IRQHandler
                0x0000000008008aec                DMA2D_IRQHandler
                0x0000000008008aec                EXTI1_IRQHandler
                0x0000000008008aec                UART7_IRQHandler
                0x0000000008008aec                USART2_IRQHandler
                0x0000000008008aec                I2C2_ER_IRQHandler
                0x0000000008008aec                DMA2_Stream1_IRQHandler
                0x0000000008008aec                CAN1_SCE_IRQHandler
                0x0000000008008aec                FLASH_IRQHandler
                0x0000000008008aec                DMA2_Stream4_IRQHandler
                0x0000000008008aec                USART1_IRQHandler
                0x0000000008008aec                OTG_FS_IRQHandler
                0x0000000008008aec                SPI3_IRQHandler
                0x0000000008008aec                DMA1_Stream4_IRQHandler
                0x0000000008008aec                I2C1_ER_IRQHandler
                0x0000000008008aec                FMC_IRQHandler
                0x0000000008008aec                DMA2_Stream6_IRQHandler
                0x0000000008008aec                SAI1_IRQHandler
                0x0000000008008aec                DMA1_Stream3_IRQHandler
 *fill*         0x0000000008008aee        0x2 
 .text.HAL_Init
                0x0000000008008af0       0x44 Drivers/STM32F4xx_HAL_Driver/Src/stm32f4xx_hal.o
                0x0000000008008af0                HAL_Init
 .text.HAL_InitTick
                0x0000000008008b34       0x60 Drivers/STM32F4xx_HAL_Driver/Src/stm32f4xx_hal.o
                0x0000000008008b34                HAL_InitTick
 .text.HAL_IncTick
                0x0000000008008b94       0x28 Drivers/STM32F4xx_HAL_Driver/Src/stm32f4xx_hal.o
                0x0000000008008b94                HAL_IncTick
 .text.HAL_GetTick
                0x0000000008008bbc       0x18 Drivers/STM32F4xx_HAL_Driver/Src/stm32f4xx_hal.o
                0x0000000008008bbc                HAL_GetTick
 .text.HAL_Delay
                0x0000000008008bd4       0x44 Drivers/STM32F4xx_HAL_Driver/Src/stm32f4xx_hal.o
                0x0000000008008bd4                HAL_Delay
 .text.__NVIC_SetPriorityGrouping
                0x0000000008008c18       0x48 Drivers/STM32F4xx_HAL_Driver/Src/stm32f4xx_hal_cortex.o
 .text.__NVIC_GetPriorityGrouping
                0x0000000008008c60       0x1c Drivers/STM32F4xx_HAL_Driver/Src/stm32f4xx_hal_cortex.o
 .text.__NVIC_SetPriority
                0x0000000008008c7c       0x54 Drivers/STM32F4xx_HAL_Driver/Src/stm32f4xx_hal_cortex.o
 .text.NVIC_EncodePriority
                0x0000000008008cd0       0x66 Drivers/STM32F4xx_HAL_Driver/Src/stm32f4xx_hal_cortex.o
 *fill*         0x0000000008008d36        0x2 
 .text.SysTick_Config
                0x0000000008008d38       0x44 Drivers/STM32F4xx_HAL_Driver/Src/stm32f4xx_hal_cortex.o
 .text.HAL_NVIC_SetPriorityGrouping
                0x0000000008008d7c       0x16 Drivers/STM32F4xx_HAL_Driver/Src/stm32f4xx_hal_cortex.o
                0x0000000008008d7c                HAL_NVIC_SetPriorityGrouping
 .text.HAL_NVIC_SetPriority
                0x0000000008008d92       0x38 Drivers/STM32F4xx_HAL_Driver/Src/stm32f4xx_hal_cortex.o
                0x0000000008008d92                HAL_NVIC_SetPriority
 .text.HAL_SYSTICK_Config
                0x0000000008008dca       0x18 Drivers/STM32F4xx_HAL_Driver/Src/stm32f4xx_hal_cortex.o
                0x0000000008008dca                HAL_SYSTICK_Config
 .text.HAL_CRC_Init
                0x0000000008008de2       0x38 Drivers/STM32F4xx_HAL_Driver/Src/stm32f4xx_hal_crc.o
                0x0000000008008de2                HAL_CRC_Init
 *fill*         0x0000000008008e1a        0x2 
 .text.HAL_GPIO_Init
                0x0000000008008e1c      0x354 Drivers/STM32F4xx_HAL_Driver/Src/stm32f4xx_hal_gpio.o
                0x0000000008008e1c                HAL_GPIO_Init
 .text.HAL_GPIO_WritePin
                0x0000000008009170       0x32 Drivers/STM32F4xx_HAL_Driver/Src/stm32f4xx_hal_gpio.o
                0x0000000008009170                HAL_GPIO_WritePin
 .text.HAL_GPIO_TogglePin
                0x00000000080091a2       0x34 Drivers/STM32F4xx_HAL_Driver/Src/stm32f4xx_hal_gpio.o
                0x00000000080091a2                HAL_GPIO_TogglePin
 *fill*         0x00000000080091d6        0x2 
 .text.HAL_RCC_OscConfig
                0x00000000080091d8      0x4f0 Drivers/STM32F4xx_HAL_Driver/Src/stm32f4xx_hal_rcc.o
                0x00000000080091d8                HAL_RCC_OscConfig
 .text.HAL_RCC_ClockConfig
                0x00000000080096c8      0x1cc Drivers/STM32F4xx_HAL_Driver/Src/stm32f4xx_hal_rcc.o
                0x00000000080096c8                HAL_RCC_ClockConfig
 .text.HAL_RCC_GetSysClockFreq
                0x0000000008009894      0x1b0 Drivers/STM32F4xx_HAL_Driver/Src/stm32f4xx_hal_rcc.o
                0x0000000008009894                HAL_RCC_GetSysClockFreq
 .text.HAL_RCC_GetHCLKFreq
                0x0000000008009a44       0x18 Drivers/STM32F4xx_HAL_Driver/Src/stm32f4xx_hal_rcc.o
                0x0000000008009a44                HAL_RCC_GetHCLKFreq
 .text.HAL_RCC_GetPCLK1Freq
                0x0000000008009a5c       0x28 Drivers/STM32F4xx_HAL_Driver/Src/stm32f4xx_hal_rcc.o
                0x0000000008009a5c                HAL_RCC_GetPCLK1Freq
 .text.HAL_RCC_GetPCLK2Freq
                0x0000000008009a84       0x28 Drivers/STM32F4xx_HAL_Driver/Src/stm32f4xx_hal_rcc.o
                0x0000000008009a84                HAL_RCC_GetPCLK2Freq
 .text.HAL_UART_Init
                0x0000000008009aac       0x9a Drivers/STM32F4xx_HAL_Driver/Src/stm32f4xx_hal_uart.o
                0x0000000008009aac                HAL_UART_Init
 *fill*         0x0000000008009b46        0x2 
 .text.UART_SetConfig
                0x0000000008009b48      0x3b8 Drivers/STM32F4xx_HAL_Driver/Src/stm32f4xx_hal_uart.o
 .text.__libc_init_array
                0x0000000008009f00       0x48 d:/st/stm32cubeide_1.0.0/stm32cubeide/plugins/com.st.stm32cube.ide.mcu.externaltools.gnu-tools-for-stm32.7-2018-q2-update.win32_1.0.0.201904181610/tools/bin/../lib/gcc/arm-none-eabi/7.3.1/../../../../arm-none-eabi/lib/thumb/v7e-m/fpv4-sp/hard\libc_nano.a(lib_a-init.o)
                0x0000000008009f00                __libc_init_array
 .text.memset   0x0000000008009f48       0x10 d:/st/stm32cubeide_1.0.0/stm32cubeide/plugins/com.st.stm32cube.ide.mcu.externaltools.gnu-tools-for-stm32.7-2018-q2-update.win32_1.0.0.201904181610/tools/bin/../lib/gcc/arm-none-eabi/7.3.1/../../../../arm-none-eabi/lib/thumb/v7e-m/fpv4-sp/hard\libc_nano.a(lib_a-memset.o)
                0x0000000008009f48                memset
 *(.glue_7)
 .glue_7        0x0000000008009f58        0x0 linker stubs
 *(.glue_7t)
 .glue_7t       0x0000000008009f58        0x0 linker stubs
 *(.eh_frame)
 .eh_frame      0x0000000008009f58        0x0 d:/st/stm32cubeide_1.0.0/stm32cubeide/plugins/com.st.stm32cube.ide.mcu.externaltools.gnu-tools-for-stm32.7-2018-q2-update.win32_1.0.0.201904181610/tools/bin/../lib/gcc/arm-none-eabi/7.3.1/thumb/v7e-m/fpv4-sp/hard/crtbegin.o
 *(.init)
 .init          0x0000000008009f58        0x4 d:/st/stm32cubeide_1.0.0/stm32cubeide/plugins/com.st.stm32cube.ide.mcu.externaltools.gnu-tools-for-stm32.7-2018-q2-update.win32_1.0.0.201904181610/tools/bin/../lib/gcc/arm-none-eabi/7.3.1/thumb/v7e-m/fpv4-sp/hard/crti.o
                0x0000000008009f58                _init
 .init          0x0000000008009f5c        0x8 d:/st/stm32cubeide_1.0.0/stm32cubeide/plugins/com.st.stm32cube.ide.mcu.externaltools.gnu-tools-for-stm32.7-2018-q2-update.win32_1.0.0.201904181610/tools/bin/../lib/gcc/arm-none-eabi/7.3.1/thumb/v7e-m/fpv4-sp/hard/crtn.o
 *(.fini)
 .fini          0x0000000008009f64        0x4 d:/st/stm32cubeide_1.0.0/stm32cubeide/plugins/com.st.stm32cube.ide.mcu.externaltools.gnu-tools-for-stm32.7-2018-q2-update.win32_1.0.0.201904181610/tools/bin/../lib/gcc/arm-none-eabi/7.3.1/thumb/v7e-m/fpv4-sp/hard/crti.o
                0x0000000008009f64                _fini
 .fini          0x0000000008009f68        0x8 d:/st/stm32cubeide_1.0.0/stm32cubeide/plugins/com.st.stm32cube.ide.mcu.externaltools.gnu-tools-for-stm32.7-2018-q2-update.win32_1.0.0.201904181610/tools/bin/../lib/gcc/arm-none-eabi/7.3.1/thumb/v7e-m/fpv4-sp/hard/crtn.o
                0x0000000008009f70                . = ALIGN (0x4)
                0x0000000008009f70                _etext = .

.vfp11_veneer   0x0000000008009f70        0x0
 .vfp11_veneer  0x0000000008009f70        0x0 linker stubs

.v4_bx          0x0000000008009f70        0x0
 .v4_bx         0x0000000008009f70        0x0 linker stubs

.iplt           0x0000000008009f70        0x0
 .iplt          0x0000000008009f70        0x0 d:/st/stm32cubeide_1.0.0/stm32cubeide/plugins/com.st.stm32cube.ide.mcu.externaltools.gnu-tools-for-stm32.7-2018-q2-update.win32_1.0.0.201904181610/tools/bin/../lib/gcc/arm-none-eabi/7.3.1/thumb/v7e-m/fpv4-sp/hard/crtbegin.o

.rodata         0x0000000008009f70       0x18
                0x0000000008009f70                . = ALIGN (0x4)
 *(.rodata)
 *(.rodata*)
 .rodata.AHBPrescTable
                0x0000000008009f70       0x10 Core/Src/system_stm32f4xx.o
                0x0000000008009f70                AHBPrescTable
 .rodata.APBPrescTable
                0x0000000008009f80        0x8 Core/Src/system_stm32f4xx.o
                0x0000000008009f80                APBPrescTable
                0x0000000008009f88                . = ALIGN (0x4)

.ARM.extab      0x0000000008009f88        0x0
                0x0000000008009f88                . = ALIGN (0x4)
 *(.ARM.extab* .gnu.linkonce.armextab.*)
                0x0000000008009f88                . = ALIGN (0x4)

.ARM            0x0000000008009f88        0x8
                0x0000000008009f88                . = ALIGN (0x4)
                0x0000000008009f88                __exidx_start = .
 *(.ARM.exidx*)
 .ARM.exidx     0x0000000008009f88        0x8 d:/st/stm32cubeide_1.0.0/stm32cubeide/plugins/com.st.stm32cube.ide.mcu.externaltools.gnu-tools-for-stm32.7-2018-q2-update.win32_1.0.0.201904181610/tools/bin/../lib/gcc/arm-none-eabi/7.3.1/thumb/v7e-m/fpv4-sp/hard\libgcc.a(_udivmoddi4.o)
                0x0000000008009f90                __exidx_end = .
                0x0000000008009f90                . = ALIGN (0x4)

.rel.dyn        0x0000000008009f90        0x0
 .rel.iplt      0x0000000008009f90        0x0 d:/st/stm32cubeide_1.0.0/stm32cubeide/plugins/com.st.stm32cube.ide.mcu.externaltools.gnu-tools-for-stm32.7-2018-q2-update.win32_1.0.0.201904181610/tools/bin/../lib/gcc/arm-none-eabi/7.3.1/thumb/v7e-m/fpv4-sp/hard/crtbegin.o

.preinit_array  0x0000000008009f90        0x0
                0x0000000008009f90                . = ALIGN (0x4)
                0x0000000008009f90                PROVIDE (__preinit_array_start = .)
 *(.preinit_array*)
                0x0000000008009f90                PROVIDE (__preinit_array_end = .)
                0x0000000008009f90                . = ALIGN (0x4)

.init_array     0x0000000008009f90        0x4
                0x0000000008009f90                . = ALIGN (0x4)
                0x0000000008009f90                PROVIDE (__init_array_start = .)
 *(SORT_BY_NAME(.init_array.*))
 *(.init_array*)
 .init_array    0x0000000008009f90        0x4 d:/st/stm32cubeide_1.0.0/stm32cubeide/plugins/com.st.stm32cube.ide.mcu.externaltools.gnu-tools-for-stm32.7-2018-q2-update.win32_1.0.0.201904181610/tools/bin/../lib/gcc/arm-none-eabi/7.3.1/thumb/v7e-m/fpv4-sp/hard/crtbegin.o
                0x0000000008009f94                PROVIDE (__init_array_end = .)
                0x0000000008009f94                . = ALIGN (0x4)

.fini_array     0x0000000008009f94        0x4
                0x0000000008009f94                . = ALIGN (0x4)
                [!provide]                        PROVIDE (__fini_array_start = .)
 *(SORT_BY_NAME(.fini_array.*))
 *(.fini_array*)
 .fini_array    0x0000000008009f94        0x4 d:/st/stm32cubeide_1.0.0/stm32cubeide/plugins/com.st.stm32cube.ide.mcu.externaltools.gnu-tools-for-stm32.7-2018-q2-update.win32_1.0.0.201904181610/tools/bin/../lib/gcc/arm-none-eabi/7.3.1/thumb/v7e-m/fpv4-sp/hard/crtbegin.o
                [!provide]                        PROVIDE (__fini_array_end = .)
                0x0000000008009f98                . = ALIGN (0x4)
                0x0000000008009f98                _sidata = LOADADDR (.data)

.data           0x0000000020000000        0xc load address 0x0000000008009f98
                0x0000000020000000                . = ALIGN (0x4)
                0x0000000020000000                _sdata = .
 *(.data)
 *(.data*)
 .data.SystemCoreClock
                0x0000000020000000        0x4 Core/Src/system_stm32f4xx.o
                0x0000000020000000                SystemCoreClock
 .data.uwTickPrio
                0x0000000020000004        0x4 Drivers/STM32F4xx_HAL_Driver/Src/stm32f4xx_hal.o
                0x0000000020000004                uwTickPrio
 .data.uwTickFreq
                0x0000000020000008        0x1 Drivers/STM32F4xx_HAL_Driver/Src/stm32f4xx_hal.o
                0x0000000020000008                uwTickFreq
 *(.RamFunc)
 *(.RamFunc*)
                0x000000002000000c                . = ALIGN (0x4)
 *fill*         0x0000000020000009        0x3 
                0x000000002000000c                _edata = .
                0x0000000008009fa4                _siccmram = LOADADDR (.ccmram)

.igot.plt       0x000000002000000c        0x0 load address 0x0000000008009fa4
 .igot.plt      0x000000002000000c        0x0 d:/st/stm32cubeide_1.0.0/stm32cubeide/plugins/com.st.stm32cube.ide.mcu.externaltools.gnu-tools-for-stm32.7-2018-q2-update.win32_1.0.0.201904181610/tools/bin/../lib/gcc/arm-none-eabi/7.3.1/thumb/v7e-m/fpv4-sp/hard/crtbegin.o

.ccmram         0x0000000010000000        0x0 load address 0x0000000008009fa4
                0x0000000010000000                . = ALIGN (0x4)
                0x0000000010000000                _sccmram = .
 *(.ccmram)
 *(.ccmram*)
                0x0000000010000000                . = ALIGN (0x4)
                0x0000000010000000                _eccmram = .
                0x0000000010000000                . = ALIGN (0x4)

.bss            0x000000002000000c       0x6c
                0x000000002000000c                _sbss = .
                0x000000002000000c                __bss_start__ = _sbss
 *(.bss)
 .bss           0x000000002000000c       0x1c d:/st/stm32cubeide_1.0.0/stm32cubeide/plugins/com.st.stm32cube.ide.mcu.externaltools.gnu-tools-for-stm32.7-2018-q2-update.win32_1.0.0.201904181610/tools/bin/../lib/gcc/arm-none-eabi/7.3.1/thumb/v7e-m/fpv4-sp/hard/crtbegin.o
 *(.bss*)
 *(COMMON)
 COMMON         0x0000000020000028        0x8 Core/Src/crc.o
                0x0000000020000028                hcrc
 COMMON         0x0000000020000030       0x44 Core/Src/usart.o
                0x0000000020000030                huart2
 COMMON         0x0000000020000074        0x4 Drivers/STM32F4xx_HAL_Driver/Src/stm32f4xx_hal.o
                0x0000000020000074                uwTick
                0x0000000020000078                . = ALIGN (0x4)
                0x0000000020000078                _ebss = .
                0x0000000020000078                __bss_end__ = _ebss

._user_heap_stack
                0x0000000020000078      0x600
                0x0000000020000078                . = ALIGN (0x8)
                [!provide]                        PROVIDE (end = .)
                0x0000000020000078                PROVIDE (_end = .)
                0x0000000020000278                . = (. + _Min_Heap_Size)
 *fill*         0x0000000020000078      0x200 
                0x0000000020000678                . = (. + _Min_Stack_Size)
 *fill*         0x0000000020000278      0x400 
                0x0000000020000678                . = ALIGN (0x8)

/DISCARD/
 libc.a(*)
 libm.a(*)
 libgcc.a(*)

.ARM.attributes
                0x0000000000000000       0x30
 *(.ARM.attributes)
 .ARM.attributes
                0x0000000000000000       0x22 d:/st/stm32cubeide_1.0.0/stm32cubeide/plugins/com.st.stm32cube.ide.mcu.externaltools.gnu-tools-for-stm32.7-2018-q2-update.win32_1.0.0.201904181610/tools/bin/../lib/gcc/arm-none-eabi/7.3.1/thumb/v7e-m/fpv4-sp/hard/crti.o
 .ARM.attributes
                0x0000000000000022       0x34 d:/st/stm32cubeide_1.0.0/stm32cubeide/plugins/com.st.stm32cube.ide.mcu.externaltools.gnu-tools-for-stm32.7-2018-q2-update.win32_1.0.0.201904181610/tools/bin/../lib/gcc/arm-none-eabi/7.3.1/thumb/v7e-m/fpv4-sp/hard/crtbegin.o
 .ARM.attributes
                0x0000000000000056       0x39 Core/Src/crc.o
 .ARM.attributes
                0x000000000000008f       0x39 Core/Src/gpio.o
 .ARM.attributes
                0x00000000000000c8       0x39 Core/Src/main.o
 .ARM.attributes
                0x0000000000000101       0x39 Core/Src/stm32f4xx_hal_msp.o
 .ARM.attributes
                0x000000000000013a       0x39 Core/Src/stm32f4xx_it.o
 .ARM.attributes
                0x0000000000000173       0x39 Core/Src/system_stm32f4xx.o
 .ARM.attributes
                0x00000000000001ac       0x39 Core/Src/usart.o
 .ARM.attributes
                0x00000000000001e5       0x21 Core/Startup/startup_stm32f429zitx.o
 .ARM.attributes
                0x0000000000000206       0x39 Drivers/STM32F4xx_HAL_Driver/Src/stm32f4xx_hal.o
 .ARM.attributes
                0x000000000000023f       0x39 Drivers/STM32F4xx_HAL_Driver/Src/stm32f4xx_hal_cortex.o
 .ARM.attributes
                0x0000000000000278       0x39 Drivers/STM32F4xx_HAL_Driver/Src/stm32f4xx_hal_crc.o
 .ARM.attributes
                0x00000000000002b1       0x39 Drivers/STM32F4xx_HAL_Driver/Src/stm32f4xx_hal_gpio.o
 .ARM.attributes
                0x00000000000002ea       0x39 Drivers/STM32F4xx_HAL_Driver/Src/stm32f4xx_hal_rcc.o
 .ARM.attributes
                0x0000000000000323       0x39 Drivers/STM32F4xx_HAL_Driver/Src/stm32f4xx_hal_uart.o
 .ARM.attributes
                0x000000000000035c       0x34 d:/st/stm32cubeide_1.0.0/stm32cubeide/plugins/com.st.stm32cube.ide.mcu.externaltools.gnu-tools-for-stm32.7-2018-q2-update.win32_1.0.0.201904181610/tools/bin/../lib/gcc/arm-none-eabi/7.3.1/../../../../arm-none-eabi/lib/thumb/v7e-m/fpv4-sp/hard\libc_nano.a(lib_a-init.o)
 .ARM.attributes
                0x0000000000000390       0x34 d:/st/stm32cubeide_1.0.0/stm32cubeide/plugins/com.st.stm32cube.ide.mcu.externaltools.gnu-tools-for-stm32.7-2018-q2-update.win32_1.0.0.201904181610/tools/bin/../lib/gcc/arm-none-eabi/7.3.1/../../../../arm-none-eabi/lib/thumb/v7e-m/fpv4-sp/hard\libc_nano.a(lib_a-memset.o)
 .ARM.attributes
                0x00000000000003c4       0x22 d:/st/stm32cubeide_1.0.0/stm32cubeide/plugins/com.st.stm32cube.ide.mcu.externaltools.gnu-tools-for-stm32.7-2018-q2-update.win32_1.0.0.201904181610/tools/bin/../lib/gcc/arm-none-eabi/7.3.1/thumb/v7e-m/fpv4-sp/hard\libgcc.a(_aeabi_uldivmod.o)
 .ARM.attributes
                0x00000000000003e6       0x34 d:/st/stm32cubeide_1.0.0/stm32cubeide/plugins/com.st.stm32cube.ide.mcu.externaltools.gnu-tools-for-stm32.7-2018-q2-update.win32_1.0.0.201904181610/tools/bin/../lib/gcc/arm-none-eabi/7.3.1/thumb/v7e-m/fpv4-sp/hard\libgcc.a(_udivmoddi4.o)
 .ARM.attributes
                0x000000000000041a       0x22 d:/st/stm32cubeide_1.0.0/stm32cubeide/plugins/com.st.stm32cube.ide.mcu.externaltools.gnu-tools-for-stm32.7-2018-q2-update.win32_1.0.0.201904181610/tools/bin/../lib/gcc/arm-none-eabi/7.3.1/thumb/v7e-m/fpv4-sp/hard\libgcc.a(_dvmd_tls.o)
 .ARM.attributes
                0x000000000000043c       0x22 d:/st/stm32cubeide_1.0.0/stm32cubeide/plugins/com.st.stm32cube.ide.mcu.externaltools.gnu-tools-for-stm32.7-2018-q2-update.win32_1.0.0.201904181610/tools/bin/../lib/gcc/arm-none-eabi/7.3.1/thumb/v7e-m/fpv4-sp/hard/crtn.o
OUTPUT(application.elf elf32-littlearm)

.debug_info     0x0000000000000000     0x8c79
 .debug_info    0x0000000000000000      0x4fa Core/Src/crc.o
 .debug_info    0x00000000000004fa      0x51a Core/Src/gpio.o
 .debug_info    0x0000000000000a14      0xb7d Core/Src/main.o
 .debug_info    0x0000000000001591      0x37c Core/Src/stm32f4xx_hal_msp.o
 .debug_info    0x000000000000190d      0x20a Core/Src/stm32f4xx_it.o
 .debug_info    0x0000000000001b17      0x56e Core/Src/system_stm32f4xx.o
 .debug_info    0x0000000000002085      0x9a2 Core/Src/usart.o
 .debug_info    0x0000000000002a27       0x22 Core/Startup/startup_stm32f429zitx.o
 .debug_info    0x0000000000002a49      0x9b9 Drivers/STM32F4xx_HAL_Driver/Src/stm32f4xx_hal.o
 .debug_info    0x0000000000003402      0xe5e Drivers/STM32F4xx_HAL_Driver/Src/stm32f4xx_hal_cortex.o
 .debug_info    0x0000000000004260      0x441 Drivers/STM32F4xx_HAL_Driver/Src/stm32f4xx_hal_crc.o
 .debug_info    0x00000000000046a1      0x7de Drivers/STM32F4xx_HAL_Driver/Src/stm32f4xx_hal_gpio.o
 .debug_info    0x0000000000004e7f      0x91e Drivers/STM32F4xx_HAL_Driver/Src/stm32f4xx_hal_rcc.o
 .debug_info    0x000000000000579d     0x34dc Drivers/STM32F4xx_HAL_Driver/Src/stm32f4xx_hal_uart.o

.debug_abbrev   0x0000000000000000     0x1633
 .debug_abbrev  0x0000000000000000      0x159 Core/Src/crc.o
 .debug_abbrev  0x0000000000000159      0x134 Core/Src/gpio.o
 .debug_abbrev  0x000000000000028d      0x1c8 Core/Src/main.o
 .debug_abbrev  0x0000000000000455      0x109 Core/Src/stm32f4xx_hal_msp.o
 .debug_abbrev  0x000000000000055e       0xc6 Core/Src/stm32f4xx_it.o
 .debug_abbrev  0x0000000000000624      0x12b Core/Src/system_stm32f4xx.o
 .debug_abbrev  0x000000000000074f      0x199 Core/Src/usart.o
 .debug_abbrev  0x00000000000008e8       0x12 Core/Startup/startup_stm32f429zitx.o
 .debug_abbrev  0x00000000000008fa      0x1c7 Drivers/STM32F4xx_HAL_Driver/Src/stm32f4xx_hal.o
 .debug_abbrev  0x0000000000000ac1      0x2fa Drivers/STM32F4xx_HAL_Driver/Src/stm32f4xx_hal_cortex.o
 .debug_abbrev  0x0000000000000dbb      0x1b7 Drivers/STM32F4xx_HAL_Driver/Src/stm32f4xx_hal_crc.o
 .debug_abbrev  0x0000000000000f72      0x1c9 Drivers/STM32F4xx_HAL_Driver/Src/stm32f4xx_hal_gpio.o
 .debug_abbrev  0x000000000000113b      0x245 Drivers/STM32F4xx_HAL_Driver/Src/stm32f4xx_hal_rcc.o
 .debug_abbrev  0x0000000000001380      0x2b3 Drivers/STM32F4xx_HAL_Driver/Src/stm32f4xx_hal_uart.o

.debug_aranges  0x0000000000000000      0x6c8
 .debug_aranges
                0x0000000000000000       0x30 Core/Src/crc.o
 .debug_aranges
                0x0000000000000030       0x20 Core/Src/gpio.o
 .debug_aranges
                0x0000000000000050       0x30 Core/Src/main.o
 .debug_aranges
                0x0000000000000080       0x20 Core/Src/stm32f4xx_hal_msp.o
 .debug_aranges
                0x00000000000000a0       0x60 Core/Src/stm32f4xx_it.o
 .debug_aranges
                0x0000000000000100       0x28 Core/Src/system_stm32f4xx.o
 .debug_aranges
                0x0000000000000128       0x30 Core/Src/usart.o
 .debug_aranges
                0x0000000000000158       0x28 Core/Startup/startup_stm32f429zitx.o
 .debug_aranges
                0x0000000000000180      0x100 Drivers/STM32F4xx_HAL_Driver/Src/stm32f4xx_hal.o
 .debug_aranges
                0x0000000000000280      0x118 Drivers/STM32F4xx_HAL_Driver/Src/stm32f4xx_hal_cortex.o
 .debug_aranges
                0x0000000000000398       0x50 Drivers/STM32F4xx_HAL_Driver/Src/stm32f4xx_hal_crc.o
 .debug_aranges
                0x00000000000003e8       0x58 Drivers/STM32F4xx_HAL_Driver/Src/stm32f4xx_hal_gpio.o
 .debug_aranges
                0x0000000000000440       0x88 Drivers/STM32F4xx_HAL_Driver/Src/stm32f4xx_hal_rcc.o
 .debug_aranges
                0x00000000000004c8      0x200 Drivers/STM32F4xx_HAL_Driver/Src/stm32f4xx_hal_uart.o

.debug_ranges   0x0000000000000000      0x620
 .debug_ranges  0x0000000000000000       0x20 Core/Src/crc.o
 .debug_ranges  0x0000000000000020       0x10 Core/Src/gpio.o
 .debug_ranges  0x0000000000000030       0x20 Core/Src/main.o
 .debug_ranges  0x0000000000000050       0x10 Core/Src/stm32f4xx_hal_msp.o
 .debug_ranges  0x0000000000000060       0x50 Core/Src/stm32f4xx_it.o
 .debug_ranges  0x00000000000000b0       0x18 Core/Src/system_stm32f4xx.o
 .debug_ranges  0x00000000000000c8       0x20 Core/Src/usart.o
 .debug_ranges  0x00000000000000e8       0x20 Core/Startup/startup_stm32f429zitx.o
 .debug_ranges  0x0000000000000108       0xf0 Drivers/STM32F4xx_HAL_Driver/Src/stm32f4xx_hal.o
 .debug_ranges  0x00000000000001f8      0x108 Drivers/STM32F4xx_HAL_Driver/Src/stm32f4xx_hal_cortex.o
 .debug_ranges  0x0000000000000300       0x40 Drivers/STM32F4xx_HAL_Driver/Src/stm32f4xx_hal_crc.o
 .debug_ranges  0x0000000000000340       0x48 Drivers/STM32F4xx_HAL_Driver/Src/stm32f4xx_hal_gpio.o
 .debug_ranges  0x0000000000000388       0x78 Drivers/STM32F4xx_HAL_Driver/Src/stm32f4xx_hal_rcc.o
 .debug_ranges  0x0000000000000400      0x220 Drivers/STM32F4xx_HAL_Driver/Src/stm32f4xx_hal_uart.o

.debug_macro    0x0000000000000000    0x22282
 .debug_macro   0x0000000000000000      0x1dd Core/Src/crc.o
 .debug_macro   0x00000000000001dd      0xa5a Core/Src/crc.o
 .debug_macro   0x0000000000000c37      0x29b Core/Src/crc.o
 .debug_macro   0x0000000000000ed2       0x2e Core/Src/crc.o
 .debug_macro   0x0000000000000f00       0x28 Core/Src/crc.o
 .debug_macro   0x0000000000000f28       0x22 Core/Src/crc.o
 .debug_macro   0x0000000000000f4a       0x8e Core/Src/crc.o
 .debug_macro   0x0000000000000fd8       0x51 Core/Src/crc.o
 .debug_macro   0x0000000000001029       0xef Core/Src/crc.o
 .debug_macro   0x0000000000001118       0x6a Core/Src/crc.o
 .debug_macro   0x0000000000001182      0x1df Core/Src/crc.o
 .debug_macro   0x0000000000001361       0x1c Core/Src/crc.o
 .debug_macro   0x000000000000137d       0x22 Core/Src/crc.o
 .debug_macro   0x000000000000139f       0xdf Core/Src/crc.o
 .debug_macro   0x000000000000147e     0x102d Core/Src/crc.o
 .debug_macro   0x00000000000024ab      0x11f Core/Src/crc.o
 .debug_macro   0x00000000000025ca    0x17fc0 Core/Src/crc.o
 .debug_macro   0x000000000001a58a       0x6d Core/Src/crc.o
 .debug_macro   0x000000000001a5f7     0x36f5 Core/Src/crc.o
 .debug_macro   0x000000000001dcec      0x174 Core/Src/crc.o
 .debug_macro   0x000000000001de60       0x5c Core/Src/crc.o
 .debug_macro   0x000000000001debc      0xca5 Core/Src/crc.o
 .debug_macro   0x000000000001eb61      0x9fe Core/Src/crc.o
 .debug_macro   0x000000000001f55f      0x115 Core/Src/crc.o
 .debug_macro   0x000000000001f674      0x156 Core/Src/crc.o
 .debug_macro   0x000000000001f7ca       0xa5 Core/Src/crc.o
 .debug_macro   0x000000000001f86f      0x182 Core/Src/crc.o
 .debug_macro   0x000000000001f9f1      0x287 Core/Src/crc.o
 .debug_macro   0x000000000001fc78       0x5f Core/Src/crc.o
 .debug_macro   0x000000000001fcd7      0x236 Core/Src/crc.o
 .debug_macro   0x000000000001ff0d       0x22 Core/Src/crc.o
 .debug_macro   0x000000000001ff2f      0x132 Core/Src/crc.o
 .debug_macro   0x0000000000020061      0x41d Core/Src/crc.o
 .debug_macro   0x000000000002047e       0x2e Core/Src/crc.o
 .debug_macro   0x00000000000204ac      0x11a Core/Src/crc.o
 .debug_macro   0x00000000000205c6       0xe2 Core/Src/crc.o
 .debug_macro   0x00000000000206a8       0x89 Core/Src/crc.o
 .debug_macro   0x0000000000020731      0x295 Core/Src/crc.o
 .debug_macro   0x00000000000209c6      0x134 Core/Src/crc.o
 .debug_macro   0x0000000000020afa      0x130 Core/Src/crc.o
 .debug_macro   0x0000000000020c2a      0x1dd Core/Src/gpio.o
 .debug_macro   0x0000000000020e07      0x1f5 Core/Src/main.o
 .debug_macro   0x0000000000020ffc      0x1d3 Core/Src/stm32f4xx_hal_msp.o
 .debug_macro   0x00000000000211cf      0x1dd Core/Src/stm32f4xx_it.o
 .debug_macro   0x00000000000213ac      0x1d6 Core/Src/system_stm32f4xx.o
 .debug_macro   0x0000000000021582      0x1dd Core/Src/usart.o
 .debug_macro   0x000000000002175f      0x224 Drivers/STM32F4xx_HAL_Driver/Src/stm32f4xx_hal.o
 .debug_macro   0x0000000000021983      0x1c4 Drivers/STM32F4xx_HAL_Driver/Src/stm32f4xx_hal_cortex.o
 .debug_macro   0x0000000000021b47      0x1c4 Drivers/STM32F4xx_HAL_Driver/Src/stm32f4xx_hal_crc.o
 .debug_macro   0x0000000000021d0b      0x1ca Drivers/STM32F4xx_HAL_Driver/Src/stm32f4xx_hal_gpio.o
 .debug_macro   0x0000000000021ed5      0x1e8 Drivers/STM32F4xx_HAL_Driver/Src/stm32f4xx_hal_rcc.o
 .debug_macro   0x00000000000220bd      0x1c5 Drivers/STM32F4xx_HAL_Driver/Src/stm32f4xx_hal_uart.o

.debug_line     0x0000000000000000     0x7a5b
 .debug_line    0x0000000000000000      0x6c9 Core/Src/crc.o
 .debug_line    0x00000000000006c9      0x6e4 Core/Src/gpio.o
 .debug_line    0x0000000000000dad      0x70f Core/Src/main.o
 .debug_line    0x00000000000014bc      0x6a6 Core/Src/stm32f4xx_hal_msp.o
 .debug_line    0x0000000000001b62      0x74f Core/Src/stm32f4xx_it.o
 .debug_line    0x00000000000022b1      0x6c2 Core/Src/system_stm32f4xx.o
 .debug_line    0x0000000000002973      0x6e5 Core/Src/usart.o
 .debug_line    0x0000000000003058       0x88 Core/Startup/startup_stm32f429zitx.o
 .debug_line    0x00000000000030e0      0x8d0 Drivers/STM32F4xx_HAL_Driver/Src/stm32f4xx_hal.o
 .debug_line    0x00000000000039b0      0x9d0 Drivers/STM32F4xx_HAL_Driver/Src/stm32f4xx_hal_cortex.o
 .debug_line    0x0000000000004380      0x75b Drivers/STM32F4xx_HAL_Driver/Src/stm32f4xx_hal_crc.o
 .debug_line    0x0000000000004adb      0x8a1 Drivers/STM32F4xx_HAL_Driver/Src/stm32f4xx_hal_gpio.o
 .debug_line    0x000000000000537c      0x908 Drivers/STM32F4xx_HAL_Driver/Src/stm32f4xx_hal_rcc.o
 .debug_line    0x0000000000005c84     0x1dd7 Drivers/STM32F4xx_HAL_Driver/Src/stm32f4xx_hal_uart.o

.debug_str      0x0000000000000000    0xcde08
 .debug_str     0x0000000000000000    0xcbc9a Core/Src/crc.o
                                      0xcbf23 (size before relaxing)
 .debug_str     0x00000000000cbc9a       0xb0 Core/Src/gpio.o
                                      0xcbe84 (size before relaxing)
 .debug_str     0x00000000000cbd4a      0x526 Core/Src/main.o
                                      0xcc47a (size before relaxing)
 .debug_str     0x00000000000cc270       0x2c Core/Src/stm32f4xx_hal_msp.o
                                      0xcbde7 (size before relaxing)
 .debug_str     0x00000000000cc29c       0xbd Core/Src/stm32f4xx_it.o
                                      0xcbd62 (size before relaxing)
 .debug_str     0x00000000000cc359      0x103 Core/Src/system_stm32f4xx.o
                                      0xcb9ec (size before relaxing)
 .debug_str     0x00000000000cc45c       0x57 Core/Src/usart.o
                                      0xcc2e9 (size before relaxing)
 .debug_str     0x00000000000cc4b3       0x36 Core/Startup/startup_stm32f429zitx.o
                                         0x86 (size before relaxing)
 .debug_str     0x00000000000cc4e9      0xb07 Drivers/STM32F4xx_HAL_Driver/Src/stm32f4xx_hal.o
                                      0xcc519 (size before relaxing)
 .debug_str     0x00000000000ccff0      0x399 Drivers/STM32F4xx_HAL_Driver/Src/stm32f4xx_hal_cortex.o
                                      0xcc2ba (size before relaxing)
 .debug_str     0x00000000000cd389       0xaa Drivers/STM32F4xx_HAL_Driver/Src/stm32f4xx_hal_crc.o
                                      0xcb9df (size before relaxing)
 .debug_str     0x00000000000cd433      0x15a Drivers/STM32F4xx_HAL_Driver/Src/stm32f4xx_hal_gpio.o
                                      0xcbb3f (size before relaxing)
 .debug_str     0x00000000000cd58d      0x259 Drivers/STM32F4xx_HAL_Driver/Src/stm32f4xx_hal_rcc.o
                                      0xcbd9a (size before relaxing)
 .debug_str     0x00000000000cd7e6      0x622 Drivers/STM32F4xx_HAL_Driver/Src/stm32f4xx_hal_uart.o
                                      0xcc30d (size before relaxing)

.comment        0x0000000000000000       0x7b
 .comment       0x0000000000000000       0x7b Core/Src/crc.o
                                         0x7c (size before relaxing)
 .comment       0x000000000000007b       0x7c Core/Src/gpio.o
 .comment       0x000000000000007b       0x7c Core/Src/main.o
 .comment       0x000000000000007b       0x7c Core/Src/stm32f4xx_hal_msp.o
 .comment       0x000000000000007b       0x7c Core/Src/stm32f4xx_it.o
 .comment       0x000000000000007b       0x7c Core/Src/system_stm32f4xx.o
 .comment       0x000000000000007b       0x7c Core/Src/usart.o
 .comment       0x000000000000007b       0x7c Drivers/STM32F4xx_HAL_Driver/Src/stm32f4xx_hal.o
 .comment       0x000000000000007b       0x7c Drivers/STM32F4xx_HAL_Driver/Src/stm32f4xx_hal_cortex.o
 .comment       0x000000000000007b       0x7c Drivers/STM32F4xx_HAL_Driver/Src/stm32f4xx_hal_crc.o
 .comment       0x000000000000007b       0x7c Drivers/STM32F4xx_HAL_Driver/Src/stm32f4xx_hal_gpio.o
 .comment       0x000000000000007b       0x7c Drivers/STM32F4xx_HAL_Driver/Src/stm32f4xx_hal_rcc.o
 .comment       0x000000000000007b       0x7c Drivers/STM32F4xx_HAL_Driver/Src/stm32f4xx_hal_uart.o

.debug_frame    0x0000000000000000     0x19a4
 .debug_frame   0x0000000000000000       0x7c Core/Src/crc.o
 .debug_frame   0x000000000000007c       0x38 Core/Src/gpio.o
 .debug_frame   0x00000000000000b4       0x68 Core/Src/main.o
 .debug_frame   0x000000000000011c       0x38 Core/Src/stm32f4xx_hal_msp.o
 .debug_frame   0x0000000000000154      0x104 Core/Src/stm32f4xx_it.o
 .debug_frame   0x0000000000000258       0x58 Core/Src/system_stm32f4xx.o
 .debug_frame   0x00000000000002b0       0x74 Core/Src/usart.o
 .debug_frame   0x0000000000000324      0x3b4 Drivers/STM32F4xx_HAL_Driver/Src/stm32f4xx_hal.o
 .debug_frame   0x00000000000006d8      0x498 Drivers/STM32F4xx_HAL_Driver/Src/stm32f4xx_hal_cortex.o
 .debug_frame   0x0000000000000b70      0x120 Drivers/STM32F4xx_HAL_Driver/Src/stm32f4xx_hal_crc.o
 .debug_frame   0x0000000000000c90      0x14c Drivers/STM32F4xx_HAL_Driver/Src/stm32f4xx_hal_gpio.o
 .debug_frame   0x0000000000000ddc      0x1f0 Drivers/STM32F4xx_HAL_Driver/Src/stm32f4xx_hal_rcc.o
 .debug_frame   0x0000000000000fcc      0x92c Drivers/STM32F4xx_HAL_Driver/Src/stm32f4xx_hal_uart.o
 .debug_frame   0x00000000000018f8       0x2c d:/st/stm32cubeide_1.0.0/stm32cubeide/plugins/com.st.stm32cube.ide.mcu.externaltools.gnu-tools-for-stm32.7-2018-q2-update.win32_1.0.0.201904181610/tools/bin/../lib/gcc/arm-none-eabi/7.3.1/../../../../arm-none-eabi/lib/thumb/v7e-m/fpv4-sp/hard\libc_nano.a(lib_a-init.o)
 .debug_frame   0x0000000000001924       0x20 d:/st/stm32cubeide_1.0.0/stm32cubeide/plugins/com.st.stm32cube.ide.mcu.externaltools.gnu-tools-for-stm32.7-2018-q2-update.win32_1.0.0.201904181610/tools/bin/../lib/gcc/arm-none-eabi/7.3.1/../../../../arm-none-eabi/lib/thumb/v7e-m/fpv4-sp/hard\libc_nano.a(lib_a-memset.o)
 .debug_frame   0x0000000000001944       0x2c d:/st/stm32cubeide_1.0.0/stm32cubeide/plugins/com.st.stm32cube.ide.mcu.externaltools.gnu-tools-for-stm32.7-2018-q2-update.win32_1.0.0.201904181610/tools/bin/../lib/gcc/arm-none-eabi/7.3.1/thumb/v7e-m/fpv4-sp/hard\libgcc.a(_aeabi_uldivmod.o)
 .debug_frame   0x0000000000001970       0x34 d:/st/stm32cubeide_1.0.0/stm32cubeide/plugins/com.st.stm32cube.ide.mcu.externaltools.gnu-tools-for-stm32.7-2018-q2-update.win32_1.0.0.201904181610/tools/bin/../lib/gcc/arm-none-eabi/7.3.1/thumb/v7e-m/fpv4-sp/hard\libgcc.a(_udivmoddi4.o)
