Archive member included to satisfy reference by file (symbol)

d:/st/stm32cubeide_1.0.0/stm32cubeide/plugins/com.st.stm32cube.ide.mcu.externaltools.gnu-tools-for-stm32.7-2018-q2-update.win32_1.0.0.201904181610/tools/bin/../lib/gcc/arm-none-eabi/7.3.1/../../../../arm-none-eabi/lib/thumb/v7e-m/fpv4-sp/hard\libc_nano.a(lib_a-errno.o)
                              Core/Src/syscalls.o (__errno)
d:/st/stm32cubeide_1.0.0/stm32cubeide/plugins/com.st.stm32cube.ide.mcu.externaltools.gnu-tools-for-stm32.7-2018-q2-update.win32_1.0.0.201904181610/tools/bin/../lib/gcc/arm-none-eabi/7.3.1/../../../../arm-none-eabi/lib/thumb/v7e-m/fpv4-sp/hard\libc_nano.a(lib_a-exit.o)
                              d:/st/stm32cubeide_1.0.0/stm32cubeide/plugins/com.st.stm32cube.ide.mcu.externaltools.gnu-tools-for-stm32.7-2018-q2-update.win32_1.0.0.201904181610/tools/bin/../lib/gcc/arm-none-eabi/7.3.1/../../../../arm-none-eabi/lib/thumb/v7e-m/fpv4-sp/hard/crt0.o (exit)
d:/st/stm32cubeide_1.0.0/stm32cubeide/plugins/com.st.stm32cube.ide.mcu.externaltools.gnu-tools-for-stm32.7-2018-q2-update.win32_1.0.0.201904181610/tools/bin/../lib/gcc/arm-none-eabi/7.3.1/../../../../arm-none-eabi/lib/thumb/v7e-m/fpv4-sp/hard\libc_nano.a(lib_a-impure.o)
                              d:/st/stm32cubeide_1.0.0/stm32cubeide/plugins/com.st.stm32cube.ide.mcu.externaltools.gnu-tools-for-stm32.7-2018-q2-update.win32_1.0.0.201904181610/tools/bin/../lib/gcc/arm-none-eabi/7.3.1/../../../../arm-none-eabi/lib/thumb/v7e-m/fpv4-sp/hard\libc_nano.a(lib_a-exit.o) (_global_impure_ptr)
d:/st/stm32cubeide_1.0.0/stm32cubeide/plugins/com.st.stm32cube.ide.mcu.externaltools.gnu-tools-for-stm32.7-2018-q2-update.win32_1.0.0.201904181610/tools/bin/../lib/gcc/arm-none-eabi/7.3.1/../../../../arm-none-eabi/lib/thumb/v7e-m/fpv4-sp/hard\libc_nano.a(lib_a-init.o)
                              d:/st/stm32cubeide_1.0.0/stm32cubeide/plugins/com.st.stm32cube.ide.mcu.externaltools.gnu-tools-for-stm32.7-2018-q2-update.win32_1.0.0.201904181610/tools/bin/../lib/gcc/arm-none-eabi/7.3.1/../../../../arm-none-eabi/lib/thumb/v7e-m/fpv4-sp/hard/crt0.o (__libc_init_array)
d:/st/stm32cubeide_1.0.0/stm32cubeide/plugins/com.st.stm32cube.ide.mcu.externaltools.gnu-tools-for-stm32.7-2018-q2-update.win32_1.0.0.201904181610/tools/bin/../lib/gcc/arm-none-eabi/7.3.1/../../../../arm-none-eabi/lib/thumb/v7e-m/fpv4-sp/hard\libc_nano.a(lib_a-memset.o)
                              d:/st/stm32cubeide_1.0.0/stm32cubeide/plugins/com.st.stm32cube.ide.mcu.externaltools.gnu-tools-for-stm32.7-2018-q2-update.win32_1.0.0.201904181610/tools/bin/../lib/gcc/arm-none-eabi/7.3.1/../../../../arm-none-eabi/lib/thumb/v7e-m/fpv4-sp/hard/crt0.o (memset)
d:/st/stm32cubeide_1.0.0/stm32cubeide/plugins/com.st.stm32cube.ide.mcu.externaltools.gnu-tools-for-stm32.7-2018-q2-update.win32_1.0.0.201904181610/tools/bin/../lib/gcc/arm-none-eabi/7.3.1/../../../../arm-none-eabi/lib/thumb/v7e-m/fpv4-sp/hard\libc_nano.a(lib_a-strlen.o)
                              Core/Src/main.o (strlen)
d:/st/stm32cubeide_1.0.0/stm32cubeide/plugins/com.st.stm32cube.ide.mcu.externaltools.gnu-tools-for-stm32.7-2018-q2-update.win32_1.0.0.201904181610/tools/bin/../lib/gcc/arm-none-eabi/7.3.1/../../../../arm-none-eabi/lib/thumb/v7e-m/fpv4-sp/hard\libc_nano.a(lib_a-vsprintf.o)
                              Core/Src/main.o (vsprintf)
d:/st/stm32cubeide_1.0.0/stm32cubeide/plugins/com.st.stm32cube.ide.mcu.externaltools.gnu-tools-for-stm32.7-2018-q2-update.win32_1.0.0.201904181610/tools/bin/../lib/gcc/arm-none-eabi/7.3.1/../../../../arm-none-eabi/lib/thumb/v7e-m/fpv4-sp/hard\libc_nano.a(lib_a-nano-svfprintf.o)
                              d:/st/stm32cubeide_1.0.0/stm32cubeide/plugins/com.st.stm32cube.ide.mcu.externaltools.gnu-tools-for-stm32.7-2018-q2-update.win32_1.0.0.201904181610/tools/bin/../lib/gcc/arm-none-eabi/7.3.1/../../../../arm-none-eabi/lib/thumb/v7e-m/fpv4-sp/hard\libc_nano.a(lib_a-vsprintf.o) (_svfprintf_r)
d:/st/stm32cubeide_1.0.0/stm32cubeide/plugins/com.st.stm32cube.ide.mcu.externaltools.gnu-tools-for-stm32.7-2018-q2-update.win32_1.0.0.201904181610/tools/bin/../lib/gcc/arm-none-eabi/7.3.1/../../../../arm-none-eabi/lib/thumb/v7e-m/fpv4-sp/hard\libc_nano.a(lib_a-nano-vfprintf_i.o)
                              d:/st/stm32cubeide_1.0.0/stm32cubeide/plugins/com.st.stm32cube.ide.mcu.externaltools.gnu-tools-for-stm32.7-2018-q2-update.win32_1.0.0.201904181610/tools/bin/../lib/gcc/arm-none-eabi/7.3.1/../../../../arm-none-eabi/lib/thumb/v7e-m/fpv4-sp/hard\libc_nano.a(lib_a-nano-svfprintf.o) (_printf_i)
d:/st/stm32cubeide_1.0.0/stm32cubeide/plugins/com.st.stm32cube.ide.mcu.externaltools.gnu-tools-for-stm32.7-2018-q2-update.win32_1.0.0.201904181610/tools/bin/../lib/gcc/arm-none-eabi/7.3.1/../../../../arm-none-eabi/lib/thumb/v7e-m/fpv4-sp/hard\libc_nano.a(lib_a-memchr.o)
[...]
Memory Configuration

Name             Origin             Length             Attributes
CCMRAM           0x0000000010000000 0x0000000000010000 xrw
RAM              0x0000000020000000 0x0000000000030000 xrw
FLASH            0x0000000008000000 0x0000000000200000 xr
*default*        0x0000000000000000 0xffffffffffffffff

Linker script and memory map

LOAD d:/st/stm32cubeide_1.0.0/stm32cubeide/plugins/com.st.stm32cube.ide.mcu.externaltools.gnu-tools-for-stm32.7-2018-q2-update.win32_1.0.0.201904181610/tools/bin/../lib/gcc/arm-none-eabi/7.3.1/thumb/v7e-m/fpv4-sp/hard/crti.o
LOAD d:/st/stm32cubeide_1.0.0/stm32cubeide/plugins/com.st.stm32cube.ide.mcu.externaltools.gnu-tools-for-stm32.7-2018-q2-update.win32_1.0.0.201904181610/tools/bin/../lib/gcc/arm-none-eabi/7.3.1/thumb/v7e-m/fpv4-sp/hard/crtbegin.o
LOAD d:/st/stm32cubeide_1.0.0/stm32cubeide/plugins/com.st.stm32cube.ide.mcu.externaltools.gnu-tools-for-stm32.7-2018-q2-update.win32_1.0.0.201904181610/tools/bin/../lib/gcc/arm-none-eabi/7.3.1/../../../../arm-none-eabi/lib/thumb/v7e-m/fpv4-sp/hard/crt0.o
LOAD Core/Src/crc.o
LOAD Core/Src/eth.o
LOAD Core/Src/gpio.o
LOAD Core/Src/main.o
LOAD Core/Src/stm32f4xx_hal_msp.o
LOAD Core/Src/stm32f4xx_it.o
LOAD Core/Src/syscalls.o
LOAD Core/Src/sysmem.o
LOAD Core/Src/system_stm32f4xx.o
LOAD Core/Src/usart.o
LOAD Core/Src/usb_otg.o
LOAD Core/Startup/startup_stm32f429zitx.o
LOAD Drivers/STM32F4xx_HAL_Driver/Src/stm32f4xx_hal.o
LOAD Drivers/STM32F4xx_HAL_Driver/Src/stm32f4xx_hal_cortex.o
LOAD Drivers/STM32F4xx_HAL_Driver/Src/stm32f4xx_hal_crc.o
LOAD Drivers/STM32F4xx_HAL_Driver/Src/stm32f4xx_hal_dma.o
LOAD Drivers/STM32F4xx_HAL_Driver/Src/stm32f4xx_hal_dma_ex.o
LOAD Drivers/STM32F4xx_HAL_Driver/Src/stm32f4xx_hal_eth.o
LOAD Drivers/STM32F4xx_HAL_Driver/Src/stm32f4xx_hal_exti.o
LOAD Drivers/STM32F4xx_HAL_Driver/Src/stm32f4xx_hal_flash.o
LOAD Drivers/STM32F4xx_HAL_Driver/Src/stm32f4xx_hal_flash_ex.o
LOAD Drivers/STM32F4xx_HAL_Driver/Src/stm32f4xx_hal_flash_ramfunc.o
LOAD Drivers/STM32F4xx_HAL_Driver/Src/stm32f4xx_hal_gpio.o
LOAD Drivers/STM32F4xx_HAL_Driver/Src/stm32f4xx_hal_pcd.o
LOAD Drivers/STM32F4xx_HAL_Driver/Src/stm32f4xx_hal_pcd_ex.o
LOAD Drivers/STM32F4xx_HAL_Driver/Src/stm32f4xx_hal_pwr.o
LOAD Drivers/STM32F4xx_HAL_Driver/Src/stm32f4xx_hal_pwr_ex.o
LOAD Drivers/STM32F4xx_HAL_Driver/Src/stm32f4xx_hal_rcc.o
LOAD Drivers/STM32F4xx_HAL_Driver/Src/stm32f4xx_hal_rcc_ex.o
LOAD Drivers/STM32F4xx_HAL_Driver/Src/stm32f4xx_hal_tim.o
LOAD Drivers/STM32F4xx_HAL_Driver/Src/stm32f4xx_hal_tim_ex.o
LOAD Drivers/STM32F4xx_HAL_Driver/Src/stm32f4xx_hal_uart.o
LOAD Drivers/STM32F4xx_HAL_Driver/Src/stm32f4xx_ll_usb.o
START GROUP
LOAD d:/st/stm32cubeide_1.0.0/stm32cubeide/plugins/com.st.stm32cube.ide.mcu.externaltools.gnu-tools-for-stm32.7-2018-q2-update.win32_1.0.0.201904181610/tools/bin/../lib/gcc/arm-none-eabi/7.3.1/../../../../arm-none-eabi/lib/thumb/v7e-m/fpv4-sp/hard\libc_nano.a
LOAD d:/st/stm32cubeide_1.0.0/stm32cubeide/plugins/com.st.stm32cube.ide.mcu.externaltools.gnu-tools-for-stm32.7-2018-q2-update.win32_1.0.0.201904181610/tools/bin/../lib/gcc/arm-none-eabi/7.3.1/../../../../arm-none-eabi/lib/thumb/v7e-m/fpv4-sp/hard\libm.a
END GROUP
START GROUP
LOAD d:/st/stm32cubeide_1.0.0/stm32cubeide/plugins/com.st.stm32cube.ide.mcu.externaltools.gnu-tools-for-stm32.7-2018-q2-update.win32_1.0.0.201904181610/tools/bin/../lib/gcc/arm-none-eabi/7.3.1/thumb/v7e-m/fpv4-sp/hard\libgcc.a
LOAD d:/st/stm32cubeide_1.0.0/stm32cubeide/plugins/com.st.stm32cube.ide.mcu.externaltools.gnu-tools-for-stm32.7-2018-q2-update.win32_1.0.0.201904181610/tools/bin/../lib/gcc/arm-none-eabi/7.3.1/../../../../arm-none-eabi/lib/thumb/v7e-m/fpv4-sp/hard\libc_nano.a
END GROUP
START GROUP
LOAD d:/st/stm32cubeide_1.0.0/stm32cubeide/plugins/com.st.stm32cube.ide.mcu.externaltools.gnu-tools-for-stm32.7-2018-q2-update.win32_1.0.0.201904181610/tools/bin/../lib/gcc/arm-none-eabi/7.3.1/thumb/v7e-m/fpv4-sp/hard\libgcc.a
LOAD d:/st/stm32cubeide_1.0.0/stm32cubeide/plugins/com.st.stm32cube.ide.mcu.externaltools.gnu-tools-for-stm32.7-2018-q2-update.win32_1.0.0.201904181610/tools/bin/../lib/gcc/arm-none-eabi/7.3.1/../../../../arm-none-eabi/lib/thumb/v7e-m/fpv4-sp/hard\libc_nano.a
LOAD d:/st/stm32cubeide_1.0.0/stm32cubeide/plugins/com.st.stm32cube.ide.mcu.externaltools.gnu-tools-for-stm32.7-2018-q2-update.win32_1.0.0.201904181610/tools/bin/../lib/gcc/arm-none-eabi/7.3.1/../../../../arm-none-eabi/lib/thumb/v7e-m/fpv4-sp/hard\libnosys.a
END GROUP
START GROUP
LOAD d:/st/stm32cubeide_1.0.0/stm32cubeide/plugins/com.st.stm32cube.ide.mcu.externaltools.gnu-tools-for-stm32.7-2018-q2-update.win32_1.0.0.201904181610/tools/bin/../lib/gcc/arm-none-eabi/7.3.1/thumb/v7e-m/fpv4-sp/hard\libgcc.a
LOAD d:/st/stm32cubeide_1.0.0/stm32cubeide/plugins/com.st.stm32cube.ide.mcu.externaltools.gnu-tools-for-stm32.7-2018-q2-update.win32_1.0.0.201904181610/tools/bin/../lib/gcc/arm-none-eabi/7.3.1/../../../../arm-none-eabi/lib/thumb/v7e-m/fpv4-sp/hard\libc_nano.a
LOAD d:/st/stm32cubeide_1.0.0/stm32cubeide/plugins/com.st.stm32cube.ide.mcu.externaltools.gnu-tools-for-stm32.7-2018-q2-update.win32_1.0.0.201904181610/tools/bin/../lib/gcc/arm-none-eabi/7.3.1/../../../../arm-none-eabi/lib/thumb/v7e-m/fpv4-sp/hard\libnosys.a
END GROUP
LOAD d:/st/stm32cubeide_1.0.0/stm32cubeide/plugins/com.st.stm32cube.ide.mcu.externaltools.gnu-tools-for-stm32.7-2018-q2-update.win32_1.0.0.201904181610/tools/bin/../lib/gcc/arm-none-eabi/7.3.1/thumb/v7e-m/fpv4-sp/hard/crtend.o
LOAD d:/st/stm32cubeide_1.0.0/stm32cubeide/plugins/com.st.stm32cube.ide.mcu.externaltools.gnu-tools-for-stm32.7-2018-q2-update.win32_1.0.0.201904181610/tools/bin/../lib/gcc/arm-none-eabi/7.3.1/thumb/v7e-m/fpv4-sp/hard/crtn.o
                0x0000000020030000                _estack = (ORIGIN (RAM) + LENGTH (RAM))
                0x0000000000000200                _Min_Heap_Size = 0x200
                0x0000000000000400                _Min_Stack_Size = 0x400

.isr_vector     0x0000000008000000      0x1ac
                0x0000000008000000                . = ALIGN (0x4)
 *(.isr_vector)
 .isr_vector    0x0000000008000000      0x1ac Core/Startup/startup_stm32f429zitx.o
                0x0000000008000000                g_pfnVectors
                0x00000000080001ac                . = ALIGN (0x4)

.text           0x00000000080001b0     0x3d38
                0x00000000080001b0                . = ALIGN (0x4)
 *(.text)
 .text          0x00000000080001b0       0x40 d:/st/stm32cubeide_1.0.0/stm32cubeide/plugins/com.st.stm32cube.ide.mcu.externaltools.gnu-tools-for-stm32.7-2018-q2-update.win32_1.0.0.201904181610/tools/bin/../lib/gcc/arm-none-eabi/7.3.1/thumb/v7e-m/fpv4-sp/hard/crtbegin.o
 .text          0x00000000080001f0       0x10 d:/st/stm32cubeide_1.0.0/stm32cubeide/plugins/com.st.stm32cube.ide.mcu.externaltools.gnu-tools-for-stm32.7-2018-q2-update.win32_1.0.0.201904181610/tools/bin/../lib/gcc/arm-none-eabi/7.3.1/../../../../arm-none-eabi/lib/thumb/v7e-m/fpv4-sp/hard\libc_nano.a(lib_a-strlen.o)
                0x00000000080001f0                strlen
 .text          0x0000000008000200       0xa0 d:/st/stm32cubeide_1.0.0/stm32cubeide/plugins/com.st.stm32cube.ide.mcu.externaltools.gnu-tools-for-stm32.7-2018-q2-update.win32_1.0.0.201904181610/tools/bin/../lib/gcc/arm-none-eabi/7.3.1/../../../../arm-none-eabi/lib/thumb/v7e-m/fpv4-sp/hard\libc_nano.a(lib_a-memchr.o)
                0x0000000008000200                memchr
 .text          0x00000000080002a0       0x30 d:/st/stm32cubeide_1.0.0/stm32cubeide/plugins/com.st.stm32cube.ide.mcu.externaltools.gnu-tools-for-stm32.7-2018-q2-update.win32_1.0.0.201904181610/tools/bin/../lib/gcc/arm-none-eabi/7.3.1/thumb/v7e-m/fpv4-sp/hard\libgcc.a(_aeabi_uldivmod.o)
                0x00000000080002a0                __aeabi_uldivmod
 .text          0x00000000080002d0      0x2cc d:/st/stm32cubeide_1.0.0/stm32cubeide/plugins/com.st.stm32cube.ide.mcu.externaltools.gnu-tools-for-stm32.7-2018-q2-update.win32_1.0.0.201904181610/tools/bin/../lib/gcc/arm-none-eabi/7.3.1/thumb/v7e-m/fpv4-sp/hard\libgcc.a(_udivmoddi4.o)
                0x00000000080002d0                __udivmoddi4
 .text          0x000000000800059c        0x4 d:/st/stm32cubeide_1.0.0/stm32cubeide/plugins/com.st.stm32cube.ide.mcu.externaltools.gnu-tools-for-stm32.7-2018-q2-update.win32_1.0.0.201904181610/tools/bin/../lib/gcc/arm-none-eabi/7.3.1/thumb/v7e-m/fpv4-sp/hard\libgcc.a(_dvmd_tls.o)
                0x000000000800059c                __aeabi_idiv0
                0x000000000800059c                __aeabi_ldiv0
 *(.text*)
 .text.MX_CRC_Init
                0x00000000080005a0       0x28 Core/Src/crc.o
                0x00000000080005a0                MX_CRC_Init
 .text.HAL_CRC_MspInit
                0x00000000080005c8       0x44 Core/Src/crc.o
                0x00000000080005c8                HAL_CRC_MspInit
 .text.MX_ETH_Init
                0x000000000800060c       0x9c Core/Src/eth.o
                0x000000000800060c                MX_ETH_Init
 .text.HAL_ETH_MspInit
                0x00000000080006a8      0x18c Core/Src/eth.o
                0x00000000080006a8                HAL_ETH_MspInit
 .text.MX_GPIO_Init
                0x0000000008000834      0x15c Core/Src/gpio.o
                0x0000000008000834                MX_GPIO_Init
 .text.main     0x0000000008000990       0x68 Core/Src/main.o
                0x0000000008000990                main
 .text.SystemClock_Config
                0x00000000080009f8       0xd4 Core/Src/main.o
                0x00000000080009f8                SystemClock_Config
 .text.print_debug_msg
                0x0000000008000acc       0x4c Core/Src/main.o
 .text.BL_uart_read_data
                0x0000000008000b18       0x64 Core/Src/main.o
                0x0000000008000b18                BL_uart_read_data
 .text.BL_jump_to_app
                0x0000000008000b7c       0x58 Core/Src/main.o
                0x0000000008000b7c                BL_jump_to_app
 .text.BL_handle_getver_cmd
                0x0000000008000bd4       0x14 Core/Src/main.o
                0x0000000008000bd4                BL_handle_getver_cmd
 .text.BL_handle_gethelp_cmd
                0x0000000008000be8       0x14 Core/Src/main.o
                0x0000000008000be8                BL_handle_gethelp_cmd
 .text.Error_Handler
                0x0000000008000bfc        0x8 Core/Src/main.o
                0x0000000008000bfc                Error_Handler
 .text.HAL_MspInit
                0x0000000008000c04       0x50 Core/Src/stm32f4xx_hal_msp.o
                0x0000000008000c04                HAL_MspInit
 .text.NMI_Handler
                0x0000000008000c54        0x6 Core/Src/stm32f4xx_it.o
                0x0000000008000c54                NMI_Handler
 .text.HardFault_Handler
                0x0000000008000c5a        0x6 Core/Src/stm32f4xx_it.o
                0x0000000008000c5a                HardFault_Handler
 .text.MemManage_Handler
                0x0000000008000c60        0x6 Core/Src/stm32f4xx_it.o
                0x0000000008000c60                MemManage_Handler
 .text.BusFault_Handler
                0x0000000008000c66        0x6 Core/Src/stm32f4xx_it.o
                0x0000000008000c66                BusFault_Handler
 .text.UsageFault_Handler
                0x0000000008000c6c        0x6 Core/Src/stm32f4xx_it.o
                0x0000000008000c6c                UsageFault_Handler
 .text.SVC_Handler
                0x0000000008000c72        0xe Core/Src/stm32f4xx_it.o
                0x0000000008000c72                SVC_Handler
 .text.DebugMon_Handler
                0x0000000008000c80        0xe Core/Src/stm32f4xx_it.o
                0x0000000008000c80                DebugMon_Handler
 .text.PendSV_Handler
                0x0000000008000c8e        0xe Core/Src/stm32f4xx_it.o
                0x0000000008000c8e                PendSV_Handler
 .text.SysTick_Handler
                0x0000000008000c9c        0xc Core/Src/stm32f4xx_it.o
                0x0000000008000c9c                SysTick_Handler
 .text._sbrk    0x0000000008000ca8       0x6c Core/Src/sysmem.o
                0x0000000008000ca8                _sbrk
 .text.SystemInit
                0x0000000008000d14       0x24 Core/Src/system_stm32f4xx.o
                0x0000000008000d14                SystemInit
 .text.MX_USART2_UART_Init
                0x0000000008000d38       0x54 Core/Src/usart.o
                0x0000000008000d38                MX_USART2_UART_Init
 .text.MX_USART3_UART_Init
                0x0000000008000d8c       0x54 Core/Src/usart.o
                0x0000000008000d8c                MX_USART3_UART_Init
 .text.HAL_UART_MspInit
                0x0000000008000de0      0x138 Core/Src/usart.o
                0x0000000008000de0                HAL_UART_MspInit
 .text.MX_USB_OTG_FS_PCD_Init
                0x0000000008000f18       0x5c Core/Src/usb_otg.o
                0x0000000008000f18                MX_USB_OTG_FS_PCD_Init
 .text.HAL_PCD_MspInit
                0x0000000008000f74       0xb4 Core/Src/usb_otg.o
                0x0000000008000f74                HAL_PCD_MspInit
 .text.Reset_Handler
                0x0000000008001028       0x50 Core/Startup/startup_stm32f429zitx.o
                0x0000000008001028                Reset_Handler
 .text.Default_Handler
                0x0000000008001078        0x2 Core/Startup/startup_stm32f429zitx.o
                0x0000000008001078                RTC_Alarm_IRQHandler
                0x0000000008001078                HASH_RNG_IRQHandler
                0x0000000008001078                EXTI2_IRQHandler
                0x0000000008001078                TIM8_CC_IRQHandler
                0x0000000008001078                UART8_IRQHandler
                0x0000000008001078                SPI4_IRQHandler
                0x0000000008001078                TIM1_CC_IRQHandler
                0x0000000008001078                DMA2_Stream5_IRQHandler
                0x0000000008001078                DMA1_Stream5_IRQHandler
                0x0000000008001078                PVD_IRQHandler
                0x0000000008001078                SDIO_IRQHandler
                0x0000000008001078                TAMP_STAMP_IRQHandler
                0x0000000008001078                CAN2_RX1_IRQHandler
                0x0000000008001078                EXTI3_IRQHandler
                0x0000000008001078                TIM8_TRG_COM_TIM14_IRQHandler
                0x0000000008001078                TIM1_UP_TIM10_IRQHandler
                0x0000000008001078                TIM8_UP_TIM13_IRQHandler
                0x0000000008001078                I2C3_ER_IRQHandler
                0x0000000008001078                EXTI0_IRQHandler
                0x0000000008001078                I2C2_EV_IRQHandler
                0x0000000008001078                DMA1_Stream2_IRQHandler
                0x0000000008001078                CAN1_RX0_IRQHandler
                0x0000000008001078                FPU_IRQHandler
                0x0000000008001078                OTG_HS_WKUP_IRQHandler
                0x0000000008001078                LTDC_ER_IRQHandler
                0x0000000008001078                CAN2_SCE_IRQHandler
                0x0000000008001078                DMA2_Stream2_IRQHandler
                0x0000000008001078                SPI1_IRQHandler
                0x0000000008001078                TIM6_DAC_IRQHandler
                0x0000000008001078                TIM1_BRK_TIM9_IRQHandler
                0x0000000008001078                DCMI_IRQHandler
                0x0000000008001078                CAN2_RX0_IRQHandler
                0x0000000008001078                DMA2_Stream3_IRQHandler
                0x0000000008001078                USART6_IRQHandler
                0x0000000008001078                USART3_IRQHandler
                0x0000000008001078                CAN1_RX1_IRQHandler
                0x0000000008001078                UART5_IRQHandler
                0x0000000008001078                DMA2_Stream0_IRQHandler
                0x0000000008001078                TIM4_IRQHandler
                0x0000000008001078                I2C1_EV_IRQHandler
                0x0000000008001078                DMA1_Stream6_IRQHandler
                0x0000000008001078                DMA1_Stream1_IRQHandler
                0x0000000008001078                UART4_IRQHandler
                0x0000000008001078                TIM3_IRQHandler
                0x0000000008001078                RCC_IRQHandler
                0x0000000008001078                TIM8_BRK_TIM12_IRQHandler
                0x0000000008001078                Default_Handler
                0x0000000008001078                EXTI15_10_IRQHandler
                0x0000000008001078                ADC_IRQHandler
                0x0000000008001078                DMA1_Stream7_IRQHandler
                0x0000000008001078                SPI5_IRQHandler
                0x0000000008001078                TIM7_IRQHandler
                0x0000000008001078                CAN2_TX_IRQHandler
                0x0000000008001078                TIM5_IRQHandler
                0x0000000008001078                DMA2_Stream7_IRQHandler
                0x0000000008001078                I2C3_EV_IRQHandler
                0x0000000008001078                EXTI9_5_IRQHandler
                0x0000000008001078                RTC_WKUP_IRQHandler
                0x0000000008001078                LTDC_IRQHandler
                0x0000000008001078                ETH_WKUP_IRQHandler
                0x0000000008001078                SPI2_IRQHandler
                0x0000000008001078                OTG_HS_EP1_IN_IRQHandler
                0x0000000008001078                DMA1_Stream0_IRQHandler
                0x0000000008001078                CAN1_TX_IRQHandler
                0x0000000008001078                EXTI4_IRQHandler
                0x0000000008001078                ETH_IRQHandler
                0x0000000008001078                OTG_HS_EP1_OUT_IRQHandler
                0x0000000008001078                WWDG_IRQHandler
                0x0000000008001078                SPI6_IRQHandler
                0x0000000008001078                TIM2_IRQHandler
                0x0000000008001078                OTG_FS_WKUP_IRQHandler
                0x0000000008001078                TIM1_TRG_COM_TIM11_IRQHandler
                0x0000000008001078                OTG_HS_IRQHandler
                0x0000000008001078                DMA2D_IRQHandler
                0x0000000008001078                EXTI1_IRQHandler
                0x0000000008001078                UART7_IRQHandler
                0x0000000008001078                USART2_IRQHandler
                0x0000000008001078                I2C2_ER_IRQHandler
                0x0000000008001078                DMA2_Stream1_IRQHandler
                0x0000000008001078                CAN1_SCE_IRQHandler
                0x0000000008001078                FLASH_IRQHandler
                0x0000000008001078                DMA2_Stream4_IRQHandler
                0x0000000008001078                USART1_IRQHandler
                0x0000000008001078                OTG_FS_IRQHandler
                0x0000000008001078                SPI3_IRQHandler
                0x0000000008001078                DMA1_Stream4_IRQHandler
                0x0000000008001078                I2C1_ER_IRQHandler
                0x0000000008001078                FMC_IRQHandler
                0x0000000008001078                DMA2_Stream6_IRQHandler
                0x0000000008001078                SAI1_IRQHandler
                0x0000000008001078                DMA1_Stream3_IRQHandler
 *fill*         0x000000000800107a        0x2 
 .text.HAL_Init
                0x000000000800107c       0x44 Drivers/STM32F4xx_HAL_Driver/Src/stm32f4xx_hal.o
                0x000000000800107c                HAL_Init
 .text.HAL_InitTick
                0x00000000080010c0       0x60 Drivers/STM32F4xx_HAL_Driver/Src/stm32f4xx_hal.o
                0x00000000080010c0                HAL_InitTick
 .text.HAL_IncTick
                0x0000000008001120       0x28 Drivers/STM32F4xx_HAL_Driver/Src/stm32f4xx_hal.o
                0x0000000008001120                HAL_IncTick
 .text.HAL_GetTick
                0x0000000008001148       0x18 Drivers/STM32F4xx_HAL_Driver/Src/stm32f4xx_hal.o
                0x0000000008001148                HAL_GetTick
 .text.HAL_Delay
                0x0000000008001160       0x44 Drivers/STM32F4xx_HAL_Driver/Src/stm32f4xx_hal.o
                0x0000000008001160                HAL_Delay
 .text.__NVIC_SetPriorityGrouping
                0x00000000080011a4       0x48 Drivers/STM32F4xx_HAL_Driver/Src/stm32f4xx_hal_cortex.o
 .text.__NVIC_GetPriorityGrouping
                0x00000000080011ec       0x1c Drivers/STM32F4xx_HAL_Driver/Src/stm32f4xx_hal_cortex.o
 .text.__NVIC_SetPriority
                0x0000000008001208       0x54 Drivers/STM32F4xx_HAL_Driver/Src/stm32f4xx_hal_cortex.o
 .text.NVIC_EncodePriority
                0x000000000800125c       0x66 Drivers/STM32F4xx_HAL_Driver/Src/stm32f4xx_hal_cortex.o
 *fill*         0x00000000080012c2        0x2 
 .text.SysTick_Config
                0x00000000080012c4       0x44 Drivers/STM32F4xx_HAL_Driver/Src/stm32f4xx_hal_cortex.o
 .text.HAL_NVIC_SetPriorityGrouping
                0x0000000008001308       0x16 Drivers/STM32F4xx_HAL_Driver/Src/stm32f4xx_hal_cortex.o
                0x0000000008001308                HAL_NVIC_SetPriorityGrouping
 .text.HAL_NVIC_SetPriority
                0x000000000800131e       0x38 Drivers/STM32F4xx_HAL_Driver/Src/stm32f4xx_hal_cortex.o
                0x000000000800131e                HAL_NVIC_SetPriority
 .text.HAL_SYSTICK_Config
                0x0000000008001356       0x18 Drivers/STM32F4xx_HAL_Driver/Src/stm32f4xx_hal_cortex.o
                0x0000000008001356                HAL_SYSTICK_Config
 .text.HAL_CRC_Init
                0x000000000800136e       0x38 Drivers/STM32F4xx_HAL_Driver/Src/stm32f4xx_hal_crc.o
                0x000000000800136e                HAL_CRC_Init
 *fill*         0x00000000080013a6        0x2 
 .text.HAL_ETH_Init
                0x00000000080013a8       0xfc Drivers/STM32F4xx_HAL_Driver/Src/stm32f4xx_hal_eth.o
                0x00000000080013a8                HAL_ETH_Init
 .text.ETH_SetMACConfig
                0x00000000080014a4      0x160 Drivers/STM32F4xx_HAL_Driver/Src/stm32f4xx_hal_eth.o
 .text.ETH_SetDMAConfig
                0x0000000008001604      0x118 Drivers/STM32F4xx_HAL_Driver/Src/stm32f4xx_hal_eth.o
 .text.ETH_MACDMAConfig
                0x000000000800171c       0xe4 Drivers/STM32F4xx_HAL_Driver/Src/stm32f4xx_hal_eth.o
 .text.ETH_MACAddressConfig
                0x0000000008001800       0x70 Drivers/STM32F4xx_HAL_Driver/Src/stm32f4xx_hal_eth.o
 .text.ETH_DMATxDescListInit
                0x0000000008001870       0xb4 Drivers/STM32F4xx_HAL_Driver/Src/stm32f4xx_hal_eth.o
 .text.ETH_DMARxDescListInit
                0x0000000008001924       0xdc Drivers/STM32F4xx_HAL_Driver/Src/stm32f4xx_hal_eth.o
 .text.HAL_GPIO_Init
                0x0000000008001a00      0x354 Drivers/STM32F4xx_HAL_Driver/Src/stm32f4xx_hal_gpio.o
                0x0000000008001a00                HAL_GPIO_Init
 .text.HAL_GPIO_ReadPin
                0x0000000008001d54       0x30 Drivers/STM32F4xx_HAL_Driver/Src/stm32f4xx_hal_gpio.o
                0x0000000008001d54                HAL_GPIO_ReadPin
 .text.HAL_GPIO_WritePin
                0x0000000008001d84       0x32 Drivers/STM32F4xx_HAL_Driver/Src/stm32f4xx_hal_gpio.o
                0x0000000008001d84                HAL_GPIO_WritePin
 .text.HAL_PCD_Init
                0x0000000008001db6      0x23a Drivers/STM32F4xx_HAL_Driver/Src/stm32f4xx_hal_pcd.o
                0x0000000008001db6                HAL_PCD_Init
 .text.HAL_RCC_OscConfig
                0x0000000008001ff0      0x4f0 Drivers/STM32F4xx_HAL_Driver/Src/stm32f4xx_hal_rcc.o
                0x0000000008001ff0                HAL_RCC_OscConfig
 .text.HAL_RCC_ClockConfig
                0x00000000080024e0      0x1cc Drivers/STM32F4xx_HAL_Driver/Src/stm32f4xx_hal_rcc.o
                0x00000000080024e0                HAL_RCC_ClockConfig
 .text.HAL_RCC_GetSysClockFreq
                0x00000000080026ac      0x1b0 Drivers/STM32F4xx_HAL_Driver/Src/stm32f4xx_hal_rcc.o
                0x00000000080026ac                HAL_RCC_GetSysClockFreq
 .text.HAL_RCC_GetHCLKFreq
                0x000000000800285c       0x18 Drivers/STM32F4xx_HAL_Driver/Src/stm32f4xx_hal_rcc.o
                0x000000000800285c                HAL_RCC_GetHCLKFreq
 .text.HAL_RCC_GetPCLK1Freq
                0x0000000008002874       0x28 Drivers/STM32F4xx_HAL_Driver/Src/stm32f4xx_hal_rcc.o
                0x0000000008002874                HAL_RCC_GetPCLK1Freq
 .text.HAL_RCC_GetPCLK2Freq
                0x000000000800289c       0x28 Drivers/STM32F4xx_HAL_Driver/Src/stm32f4xx_hal_rcc.o
                0x000000000800289c                HAL_RCC_GetPCLK2Freq
 .text.HAL_UART_Init
                0x00000000080028c4       0x9a Drivers/STM32F4xx_HAL_Driver/Src/stm32f4xx_hal_uart.o
                0x00000000080028c4                HAL_UART_Init
 .text.HAL_UART_Transmit
                0x000000000800295e      0x124 Drivers/STM32F4xx_HAL_Driver/Src/stm32f4xx_hal_uart.o
                0x000000000800295e                HAL_UART_Transmit
 .text.HAL_UART_Receive
                0x0000000008002a82      0x144 Drivers/STM32F4xx_HAL_Driver/Src/stm32f4xx_hal_uart.o
                0x0000000008002a82                HAL_UART_Receive
 .text.UART_WaitOnFlagUntilTimeout
                0x0000000008002bc6       0xdc Drivers/STM32F4xx_HAL_Driver/Src/stm32f4xx_hal_uart.o
 *fill*         0x0000000008002ca2        0x2 
 .text.UART_SetConfig
                0x0000000008002ca4      0x3b8 Drivers/STM32F4xx_HAL_Driver/Src/stm32f4xx_hal_uart.o
 .text.USB_CoreInit
                0x000000000800305c       0xc2 Drivers/STM32F4xx_HAL_Driver/Src/stm32f4xx_ll_usb.o
                0x000000000800305c                USB_CoreInit
 .text.USB_DisableGlobalInt
                0x000000000800311e       0x22 Drivers/STM32F4xx_HAL_Driver/Src/stm32f4xx_ll_usb.o
                0x000000000800311e                USB_DisableGlobalInt
 .text.USB_SetCurrentMode
                0x0000000008003140       0x98 Drivers/STM32F4xx_HAL_Driver/Src/stm32f4xx_ll_usb.o
                0x0000000008003140                USB_SetCurrentMode
 .text.USB_DevInit
                0x00000000080031d8      0x2c8 Drivers/STM32F4xx_HAL_Driver/Src/stm32f4xx_ll_usb.o
                0x00000000080031d8                USB_DevInit
 .text.USB_FlushTxFifo
                0x00000000080034a0       0x68 Drivers/STM32F4xx_HAL_Driver/Src/stm32f4xx_ll_usb.o
                0x00000000080034a0                USB_FlushTxFifo
 .text.USB_FlushRxFifo
                0x0000000008003508       0x60 Drivers/STM32F4xx_HAL_Driver/Src/stm32f4xx_ll_usb.o
                0x0000000008003508                USB_FlushRxFifo
 .text.USB_SetDevSpeed
                0x0000000008003568       0x32 Drivers/STM32F4xx_HAL_Driver/Src/stm32f4xx_ll_usb.o
                0x0000000008003568                USB_SetDevSpeed
 .text.USB_DevDisconnect
                0x000000000800359a       0x42 Drivers/STM32F4xx_HAL_Driver/Src/stm32f4xx_ll_usb.o
                0x000000000800359a                USB_DevDisconnect
 .text.USB_GetMode
                0x00000000080035dc       0x1c Drivers/STM32F4xx_HAL_Driver/Src/stm32f4xx_ll_usb.o
                0x00000000080035dc                USB_GetMode
 .text.USB_CoreReset
                0x00000000080035f8       0x68 Drivers/STM32F4xx_HAL_Driver/Src/stm32f4xx_ll_usb.o
 .text.__errno  0x0000000008003660        0xc d:/st/stm32cubeide_1.0.0/stm32cubeide/plugins/com.st.stm32cube.ide.mcu.externaltools.gnu-tools-for-stm32.7-2018-q2-update.win32_1.0.0.201904181610/tools/bin/../lib/gcc/arm-none-eabi/7.3.1/../../../../arm-none-eabi/lib/thumb/v7e-m/fpv4-sp/hard\libc_nano.a(lib_a-errno.o)
                0x0000000008003660                __errno
 .text.__libc_init_array
                0x000000000800366c       0x48 d:/st/stm32cubeide_1.0.0/stm32cubeide/plugins/com.st.stm32cube.ide.mcu.externaltools.gnu-tools-for-stm32.7-2018-q2-update.win32_1.0.0.201904181610/tools/bin/../lib/gcc/arm-none-eabi/7.3.1/../../../../arm-none-eabi/lib/thumb/v7e-m/fpv4-sp/hard\libc_nano.a(lib_a-init.o)
                0x000000000800366c                __libc_init_array
 .text.memset   0x00000000080036b4       0x10 d:/st/stm32cubeide_1.0.0/stm32cubeide/plugins/com.st.stm32cube.ide.mcu.externaltools.gnu-tools-for-stm32.7-2018-q2-update.win32_1.0.0.201904181610/tools/bin/../lib/gcc/arm-none-eabi/7.3.1/../../../../arm-none-eabi/lib/thumb/v7e-m/fpv4-sp/hard\libc_nano.a(lib_a-memset.o)
                0x00000000080036b4                memset
 .text._vsprintf_r
                0x00000000080036c4       0x2c d:/st/stm32cubeide_1.0.0/stm32cubeide/plugins/com.st.stm32cube.ide.mcu.externaltools.gnu-tools-for-stm32.7-2018-q2-update.win32_1.0.0.201904181610/tools/bin/../lib/gcc/arm-none-eabi/7.3.1/../../../../arm-none-eabi/lib/thumb/v7e-m/fpv4-sp/hard\libc_nano.a(lib_a-vsprintf.o)
                0x00000000080036c4                _vsprintf_r
                0x00000000080036c4                _vsiprintf_r
 .text.vsprintf
                0x00000000080036f0       0x14 d:/st/stm32cubeide_1.0.0/stm32cubeide/plugins/com.st.stm32cube.ide.mcu.externaltools.gnu-tools-for-stm32.7-2018-q2-update.win32_1.0.0.201904181610/tools/bin/../lib/gcc/arm-none-eabi/7.3.1/../../../../arm-none-eabi/lib/thumb/v7e-m/fpv4-sp/hard\libc_nano.a(lib_a-vsprintf.o)
                0x00000000080036f0                vsiprintf
                0x00000000080036f0                vsprintf
 .text.__ssputs_r
                0x0000000008003704       0xb4 d:/st/stm32cubeide_1.0.0/stm32cubeide/plugins/com.st.stm32cube.ide.mcu.externaltools.gnu-tools-for-stm32.7-2018-q2-update.win32_1.0.0.201904181610/tools/bin/../lib/gcc/arm-none-eabi/7.3.1/../../../../arm-none-eabi/lib/thumb/v7e-m/fpv4-sp/hard\libc_nano.a(lib_a-nano-svfprintf.o)
                0x0000000008003704                __ssputs_r
 .text._svfprintf_r
                0x00000000080037b8      0x1f0 d:/st/stm32cubeide_1.0.0/stm32cubeide/plugins/com.st.stm32cube.ide.mcu.externaltools.gnu-tools-for-stm32.7-2018-q2-update.win32_1.0.0.201904181610/tools/bin/../lib/gcc/arm-none-eabi/7.3.1/../../../../arm-none-eabi/lib/thumb/v7e-m/fpv4-sp/hard\libc_nano.a(lib_a-nano-svfprintf.o)
                0x00000000080037b8                _svfiprintf_r
                0x00000000080037b8                _svfprintf_r
 .text._printf_common
                0x00000000080039a8       0xea d:/st/stm32cubeide_1.0.0/stm32cubeide/plugins/com.st.stm32cube.ide.mcu.externaltools.gnu-tools-for-stm32.7-2018-q2-update.win32_1.0.0.201904181610/tools/bin/../lib/gcc/arm-none-eabi/7.3.1/../../../../arm-none-eabi/lib/thumb/v7e-m/fpv4-sp/hard\libc_nano.a(lib_a-nano-vfprintf_i.o)
                0x00000000080039a8                _printf_common
 *fill*         0x0000000008003a92        0x2 
 .text._printf_i
                0x0000000008003a94      0x224 d:/st/stm32cubeide_1.0.0/stm32cubeide/plugins/com.st.stm32cube.ide.mcu.externaltools.gnu-tools-for-stm32.7-2018-q2-update.win32_1.0.0.201904181610/tools/bin/../lib/gcc/arm-none-eabi/7.3.1/../../../../arm-none-eabi/lib/thumb/v7e-m/fpv4-sp/hard\libc_nano.a(lib_a-nano-vfprintf_i.o)
                0x0000000008003a94                _printf_i
 .text.memcpy   0x0000000008003cb8       0x16 d:/st/stm32cubeide_1.0.0/stm32cubeide/plugins/com.st.stm32cube.ide.mcu.externaltools.gnu-tools-for-stm32.7-2018-q2-update.win32_1.0.0.201904181610/tools/bin/../lib/gcc/arm-none-eabi/7.3.1/../../../../arm-none-eabi/lib/thumb/v7e-m/fpv4-sp/hard\libc_nano.a(lib_a-memcpy-stub.o)
                0x0000000008003cb8                memcpy
 .text.memmove  0x0000000008003cce       0x32 d:/st/stm32cubeide_1.0.0/stm32cubeide/plugins/com.st.stm32cube.ide.mcu.externaltools.gnu-tools-for-stm32.7-2018-q2-update.win32_1.0.0.201904181610/tools/bin/../lib/gcc/arm-none-eabi/7.3.1/../../../../arm-none-eabi/lib/thumb/v7e-m/fpv4-sp/hard\libc_nano.a(lib_a-memmove.o)
                0x0000000008003cce                memmove
 .text._free_r  0x0000000008003d00       0x9c d:/st/stm32cubeide_1.0.0/stm32cubeide/plugins/com.st.stm32cube.ide.mcu.externaltools.gnu-tools-for-stm32.7-2018-q2-update.win32_1.0.0.201904181610/tools/bin/../lib/gcc/arm-none-eabi/7.3.1/../../../../arm-none-eabi/lib/thumb/v7e-m/fpv4-sp/hard\libc_nano.a(lib_a-nano-freer.o)
                0x0000000008003d00                _free_r
 .text._malloc_r
                0x0000000008003d9c       0xb4 d:/st/stm32cubeide_1.0.0/stm32cubeide/plugins/com.st.stm32cube.ide.mcu.externaltools.gnu-tools-for-stm32.7-2018-q2-update.win32_1.0.0.201904181610/tools/bin/../lib/gcc/arm-none-eabi/7.3.1/../../../../arm-none-eabi/lib/thumb/v7e-m/fpv4-sp/hard\libc_nano.a(lib_a-nano-mallocr.o)
                0x0000000008003d9c                _malloc_r
 .text._realloc_r
                0x0000000008003e50       0x4c d:/st/stm32cubeide_1.0.0/stm32cubeide/plugins/com.st.stm32cube.ide.mcu.externaltools.gnu-tools-for-stm32.7-2018-q2-update.win32_1.0.0.201904181610/tools/bin/../lib/gcc/arm-none-eabi/7.3.1/../../../../arm-none-eabi/lib/thumb/v7e-m/fpv4-sp/hard\libc_nano.a(lib_a-nano-reallocr.o)
                0x0000000008003e50                _realloc_r
 .text._sbrk_r  0x0000000008003e9c       0x20 d:/st/stm32cubeide_1.0.0/stm32cubeide/plugins/com.st.stm32cube.ide.mcu.externaltools.gnu-tools-for-stm32.7-2018-q2-update.win32_1.0.0.201904181610/tools/bin/../lib/gcc/arm-none-eabi/7.3.1/../../../../arm-none-eabi/lib/thumb/v7e-m/fpv4-sp/hard\libc_nano.a(lib_a-sbrkr.o)
                0x0000000008003e9c                _sbrk_r
 .text.__malloc_lock
                0x0000000008003ebc        0x2 d:/st/stm32cubeide_1.0.0/stm32cubeide/plugins/com.st.stm32cube.ide.mcu.externaltools.gnu-tools-for-stm32.7-2018-q2-update.win32_1.0.0.201904181610/tools/bin/../lib/gcc/arm-none-eabi/7.3.1/../../../../arm-none-eabi/lib/thumb/v7e-m/fpv4-sp/hard\libc_nano.a(lib_a-mlock.o)
                0x0000000008003ebc                __malloc_lock
 .text.__malloc_unlock
                0x0000000008003ebe        0x2 d:/st/stm32cubeide_1.0.0/stm32cubeide/plugins/com.st.stm32cube.ide.mcu.externaltools.gnu-tools-for-stm32.7-2018-q2-update.win32_1.0.0.201904181610/tools/bin/../lib/gcc/arm-none-eabi/7.3.1/../../../../arm-none-eabi/lib/thumb/v7e-m/fpv4-sp/hard\libc_nano.a(lib_a-mlock.o)
                0x0000000008003ebe                __malloc_unlock
 .text._malloc_usable_size_r
                0x0000000008003ec0       0x10 d:/st/stm32cubeide_1.0.0/stm32cubeide/plugins/com.st.stm32cube.ide.mcu.externaltools.gnu-tools-for-stm32.7-2018-q2-update.win32_1.0.0.201904181610/tools/bin/../lib/gcc/arm-none-eabi/7.3.1/../../../../arm-none-eabi/lib/thumb/v7e-m/fpv4-sp/hard\libc_nano.a(lib_a-nano-msizer.o)
                0x0000000008003ec0                _malloc_usable_size_r
 *(.glue_7)
 .glue_7        0x0000000008003ed0        0x0 linker stubs
 *(.glue_7t)
 .glue_7t       0x0000000008003ed0        0x0 linker stubs
 *(.eh_frame)
 .eh_frame      0x0000000008003ed0        0x0 d:/st/stm32cubeide_1.0.0/stm32cubeide/plugins/com.st.stm32cube.ide.mcu.externaltools.gnu-tools-for-stm32.7-2018-q2-update.win32_1.0.0.201904181610/tools/bin/../lib/gcc/arm-none-eabi/7.3.1/thumb/v7e-m/fpv4-sp/hard/crtbegin.o
 *(.init)
 .init          0x0000000008003ed0        0x4 d:/st/stm32cubeide_1.0.0/stm32cubeide/plugins/com.st.stm32cube.ide.mcu.externaltools.gnu-tools-for-stm32.7-2018-q2-update.win32_1.0.0.201904181610/tools/bin/../lib/gcc/arm-none-eabi/7.3.1/thumb/v7e-m/fpv4-sp/hard/crti.o
                0x0000000008003ed0                _init
 .init          0x0000000008003ed4        0x8 d:/st/stm32cubeide_1.0.0/stm32cubeide/plugins/com.st.stm32cube.ide.mcu.externaltools.gnu-tools-for-stm32.7-2018-q2-update.win32_1.0.0.201904181610/tools/bin/../lib/gcc/arm-none-eabi/7.3.1/thumb/v7e-m/fpv4-sp/hard/crtn.o
 *(.fini)
 .fini          0x0000000008003edc        0x4 d:/st/stm32cubeide_1.0.0/stm32cubeide/plugins/com.st.stm32cube.ide.mcu.externaltools.gnu-tools-for-stm32.7-2018-q2-update.win32_1.0.0.201904181610/tools/bin/../lib/gcc/arm-none-eabi/7.3.1/thumb/v7e-m/fpv4-sp/hard/crti.o
                0x0000000008003edc                _fini
 .fini          0x0000000008003ee0        0x8 d:/st/stm32cubeide_1.0.0/stm32cubeide/plugins/com.st.stm32cube.ide.mcu.externaltools.gnu-tools-for-stm32.7-2018-q2-update.win32_1.0.0.201904181610/tools/bin/../lib/gcc/arm-none-eabi/7.3.1/thumb/v7e-m/fpv4-sp/hard/crtn.o
                0x0000000008003ee8                . = ALIGN (0x4)
                0x0000000008003ee8                _etext = .

.vfp11_veneer   0x0000000008003ee8        0x0
 .vfp11_veneer  0x0000000008003ee8        0x0 linker stubs

.v4_bx          0x0000000008003ee8        0x0
 .v4_bx         0x0000000008003ee8        0x0 linker stubs

.iplt           0x0000000008003ee8        0x0
 .iplt          0x0000000008003ee8        0x0 d:/st/stm32cubeide_1.0.0/stm32cubeide/plugins/com.st.stm32cube.ide.mcu.externaltools.gnu-tools-for-stm32.7-2018-q2-update.win32_1.0.0.201904181610/tools/bin/../lib/gcc/arm-none-eabi/7.3.1/thumb/v7e-m/fpv4-sp/hard/crtbegin.o

.rodata         0x0000000008003ee8      0x11c
                0x0000000008003ee8                . = ALIGN (0x4)
 *(.rodata)
 .rodata        0x0000000008003ee8       0xd0 Core/Src/main.o
 *(.rodata*)
 .rodata.AHBPrescTable
                0x0000000008003fb8       0x10 Core/Src/system_stm32f4xx.o
                0x0000000008003fb8                AHBPrescTable
 .rodata.APBPrescTable
                0x0000000008003fc8        0x8 Core/Src/system_stm32f4xx.o
                0x0000000008003fc8                APBPrescTable
 .rodata._svfprintf_r.str1.1
                0x0000000008003fd0       0x11 d:/st/stm32cubeide_1.0.0/stm32cubeide/plugins/com.st.stm32cube.ide.mcu.externaltools.gnu-tools-for-stm32.7-2018-q2-update.win32_1.0.0.201904181610/tools/bin/../lib/gcc/arm-none-eabi/7.3.1/../../../../arm-none-eabi/lib/thumb/v7e-m/fpv4-sp/hard\libc_nano.a(lib_a-nano-svfprintf.o)
 .rodata._printf_i.str1.1
                0x0000000008003fe1       0x22 d:/st/stm32cubeide_1.0.0/stm32cubeide/plugins/com.st.stm32cube.ide.mcu.externaltools.gnu-tools-for-stm32.7-2018-q2-update.win32_1.0.0.201904181610/tools/bin/../lib/gcc/arm-none-eabi/7.3.1/../../../../arm-none-eabi/lib/thumb/v7e-m/fpv4-sp/hard\libc_nano.a(lib_a-nano-vfprintf_i.o)
                0x0000000008004004                . = ALIGN (0x4)
 *fill*         0x0000000008004003        0x1 

.ARM.extab      0x0000000008004004        0x0
                0x0000000008004004                . = ALIGN (0x4)
 *(.ARM.extab* .gnu.linkonce.armextab.*)
                0x0000000008004004                . = ALIGN (0x4)

.ARM            0x0000000008004004        0x8
                0x0000000008004004                . = ALIGN (0x4)
                0x0000000008004004                __exidx_start = .
 *(.ARM.exidx*)
 .ARM.exidx     0x0000000008004004        0x8 d:/st/stm32cubeide_1.0.0/stm32cubeide/plugins/com.st.stm32cube.ide.mcu.externaltools.gnu-tools-for-stm32.7-2018-q2-update.win32_1.0.0.201904181610/tools/bin/../lib/gcc/arm-none-eabi/7.3.1/thumb/v7e-m/fpv4-sp/hard\libgcc.a(_udivmoddi4.o)
                0x000000000800400c                __exidx_end = .
                0x000000000800400c                . = ALIGN (0x4)

.rel.dyn        0x000000000800400c        0x0
 .rel.iplt      0x000000000800400c        0x0 d:/st/stm32cubeide_1.0.0/stm32cubeide/plugins/com.st.stm32cube.ide.mcu.externaltools.gnu-tools-for-stm32.7-2018-q2-update.win32_1.0.0.201904181610/tools/bin/../lib/gcc/arm-none-eabi/7.3.1/thumb/v7e-m/fpv4-sp/hard/crtbegin.o

.preinit_array  0x000000000800400c        0x0
                0x000000000800400c                . = ALIGN (0x4)
                0x000000000800400c                PROVIDE (__preinit_array_start = .)
 *(.preinit_array*)
                0x000000000800400c                PROVIDE (__preinit_array_end = .)
                0x000000000800400c                . = ALIGN (0x4)

.init_array     0x000000000800400c        0x4
                0x000000000800400c                . = ALIGN (0x4)
                0x000000000800400c                PROVIDE (__init_array_start = .)
 *(SORT_BY_NAME(.init_array.*))
 *(.init_array*)
 .init_array    0x000000000800400c        0x4 d:/st/stm32cubeide_1.0.0/stm32cubeide/plugins/com.st.stm32cube.ide.mcu.externaltools.gnu-tools-for-stm32.7-2018-q2-update.win32_1.0.0.201904181610/tools/bin/../lib/gcc/arm-none-eabi/7.3.1/thumb/v7e-m/fpv4-sp/hard/crtbegin.o
                0x0000000008004010                PROVIDE (__init_array_end = .)
                0x0000000008004010                . = ALIGN (0x4)

.fini_array     0x0000000008004010        0x4
                0x0000000008004010                . = ALIGN (0x4)
                [!provide]                        PROVIDE (__fini_array_start = .)
 *(SORT_BY_NAME(.fini_array.*))
 *(.fini_array*)
 .fini_array    0x0000000008004010        0x4 d:/st/stm32cubeide_1.0.0/stm32cubeide/plugins/com.st.stm32cube.ide.mcu.externaltools.gnu-tools-for-stm32.7-2018-q2-update.win32_1.0.0.201904181610/tools/bin/../lib/gcc/arm-none-eabi/7.3.1/thumb/v7e-m/fpv4-sp/hard/crtbegin.o
                [!provide]                        PROVIDE (__fini_array_end = .)
                0x0000000008004014                . = ALIGN (0x4)
                0x0000000008004014                _sidata = LOADADDR (.data)

.data           0x0000000020000000       0x70 load address 0x0000000008004014
                0x0000000020000000                . = ALIGN (0x4)
                0x0000000020000000                _sdata = .
 *(.data)
 *(.data*)
 .data.SystemCoreClock
                0x0000000020000000        0x4 Core/Src/system_stm32f4xx.o
                0x0000000020000000                SystemCoreClock
 .data.uwTickPrio
                0x0000000020000004        0x4 Drivers/STM32F4xx_HAL_Driver/Src/stm32f4xx_hal.o
                0x0000000020000004                uwTickPrio
 .data.uwTickFreq
                0x0000000020000008        0x1 Drivers/STM32F4xx_HAL_Driver/Src/stm32f4xx_hal.o
                0x0000000020000008                uwTickFreq
 *fill*         0x0000000020000009        0x3 
 .data._impure_ptr
                0x000000002000000c        0x4 d:/st/stm32cubeide_1.0.0/stm32cubeide/plugins/com.st.stm32cube.ide.mcu.externaltools.gnu-tools-for-stm32.7-2018-q2-update.win32_1.0.0.201904181610/tools/bin/../lib/gcc/arm-none-eabi/7.3.1/../../../../arm-none-eabi/lib/thumb/v7e-m/fpv4-sp/hard\libc_nano.a(lib_a-impure.o)
                0x000000002000000c                _impure_ptr
 .data.impure_data
                0x0000000020000010       0x60 d:/st/stm32cubeide_1.0.0/stm32cubeide/plugins/com.st.stm32cube.ide.mcu.externaltools.gnu-tools-for-stm32.7-2018-q2-update.win32_1.0.0.201904181610/tools/bin/../lib/gcc/arm-none-eabi/7.3.1/../../../../arm-none-eabi/lib/thumb/v7e-m/fpv4-sp/hard\libc_nano.a(lib_a-impure.o)
 *(.RamFunc)
 *(.RamFunc*)
                0x0000000020000070                . = ALIGN (0x4)
                0x0000000020000070                _edata = .
                0x0000000008004084                _siccmram = LOADADDR (.ccmram)

.igot.plt       0x0000000020000070        0x0 load address 0x0000000008004084
 .igot.plt      0x0000000020000070        0x0 d:/st/stm32cubeide_1.0.0/stm32cubeide/plugins/com.st.stm32cube.ide.mcu.externaltools.gnu-tools-for-stm32.7-2018-q2-update.win32_1.0.0.201904181610/tools/bin/../lib/gcc/arm-none-eabi/7.3.1/thumb/v7e-m/fpv4-sp/hard/crtbegin.o

.ccmram         0x0000000010000000        0x0 load address 0x0000000008004084
                0x0000000010000000                . = ALIGN (0x4)
                0x0000000010000000                _sccmram = .
 *(.ccmram)
 *(.ccmram*)
                0x0000000010000000                . = ALIGN (0x4)
                0x0000000010000000                _eccmram = .
                0x0000000010000000                . = ALIGN (0x4)

.bss            0x0000000020000070      0x8c4
                0x0000000020000070                _sbss = .
                0x0000000020000070                __bss_start__ = _sbss
 *(.bss)
 .bss           0x0000000020000070       0x1c d:/st/stm32cubeide_1.0.0/stm32cubeide/plugins/com.st.stm32cube.ide.mcu.externaltools.gnu-tools-for-stm32.7-2018-q2-update.win32_1.0.0.201904181610/tools/bin/../lib/gcc/arm-none-eabi/7.3.1/thumb/v7e-m/fpv4-sp/hard/crtbegin.o
 *(.bss*)
 .bss.MACAddr.8801
                0x000000002000008c        0x6 Core/Src/eth.o
 *fill*         0x0000000020000092        0x2 
 .bss.__sbrk_heap_end
                0x0000000020000094        0x4 Core/Src/sysmem.o
 .bss.__malloc_free_list
                0x0000000020000098        0x4 d:/st/stm32cubeide_1.0.0/stm32cubeide/plugins/com.st.stm32cube.ide.mcu.externaltools.gnu-tools-for-stm32.7-2018-q2-update.win32_1.0.0.201904181610/tools/bin/../lib/gcc/arm-none-eabi/7.3.1/../../../../arm-none-eabi/lib/thumb/v7e-m/fpv4-sp/hard\libc_nano.a(lib_a-nano-mallocr.o)
                0x0000000020000098                __malloc_free_list
 .bss.__malloc_sbrk_start
                0x000000002000009c        0x4 d:/st/stm32cubeide_1.0.0/stm32cubeide/plugins/com.st.stm32cube.ide.mcu.externaltools.gnu-tools-for-stm32.7-2018-q2-update.win32_1.0.0.201904181610/tools/bin/../lib/gcc/arm-none-eabi/7.3.1/../../../../arm-none-eabi/lib/thumb/v7e-m/fpv4-sp/hard\libc_nano.a(lib_a-nano-mallocr.o)
                0x000000002000009c                __malloc_sbrk_start
 *(COMMON)
 COMMON         0x00000000200000a0        0x8 Core/Src/crc.o
                0x00000000200000a0                hcrc
 COMMON         0x00000000200000a8      0x228 Core/Src/eth.o
                0x00000000200000a8                DMATxDscrTab
                0x0000000020000148                DMARxDscrTab
                0x00000000200001e8                heth
                0x0000000020000298                TxConfig
 COMMON         0x00000000200002d0       0xc8 Core/Src/main.o
                0x00000000200002d0                bl_rx_buffer
 COMMON         0x0000000020000398       0x88 Core/Src/usart.o
                0x0000000020000398                huart3
                0x00000000200003dc                huart2
 COMMON         0x0000000020000420      0x50c Core/Src/usb_otg.o
                0x0000000020000420                hpcd_USB_OTG_FS
 COMMON         0x000000002000092c        0x4 Drivers/STM32F4xx_HAL_Driver/Src/stm32f4xx_hal.o
                0x000000002000092c                uwTick
 COMMON         0x0000000020000930        0x4 d:/st/stm32cubeide_1.0.0/stm32cubeide/plugins/com.st.stm32cube.ide.mcu.externaltools.gnu-tools-for-stm32.7-2018-q2-update.win32_1.0.0.201904181610/tools/bin/../lib/gcc/arm-none-eabi/7.3.1/../../../../arm-none-eabi/lib/thumb/v7e-m/fpv4-sp/hard\libc_nano.a(lib_a-reent.o)
                0x0000000020000930                errno
                0x0000000020000934                . = ALIGN (0x4)
                0x0000000020000934                _ebss = .
                0x0000000020000934                __bss_end__ = _ebss

._user_heap_stack
                0x0000000020000934      0x604
                0x0000000020000938                . = ALIGN (0x8)
 *fill*         0x0000000020000934        0x4 
                [!provide]                        PROVIDE (end = .)
                0x0000000020000938                PROVIDE (_end = .)
                0x0000000020000b38                . = (. + _Min_Heap_Size)
 *fill*         0x0000000020000938      0x200 
                0x0000000020000f38                . = (. + _Min_Stack_Size)
 *fill*         0x0000000020000b38      0x400 
                0x0000000020000f38                . = ALIGN (0x8)

/DISCARD/
 libc.a(*)
 libm.a(*)
 libgcc.a(*)

.ARM.attributes
                0x0000000000000000       0x30
 *(.ARM.attributes)
 .ARM.attributes
                0x0000000000000000       0x22 d:/st/stm32cubeide_1.0.0/stm32cubeide/plugins/com.st.stm32cube.ide.mcu.externaltools.gnu-tools-for-stm32.7-2018-q2-update.win32_1.0.0.201904181610/tools/bin/../lib/gcc/arm-none-eabi/7.3.1/thumb/v7e-m/fpv4-sp/hard/crti.o
 .ARM.attributes
                0x0000000000000022       0x34 d:/st/stm32cubeide_1.0.0/stm32cubeide/plugins/com.st.stm32cube.ide.mcu.externaltools.gnu-tools-for-stm32.7-2018-q2-update.win32_1.0.0.201904181610/tools/bin/../lib/gcc/arm-none-eabi/7.3.1/thumb/v7e-m/fpv4-sp/hard/crtbegin.o
 .ARM.attributes
                0x0000000000000056       0x39 Core/Src/crc.o
 .ARM.attributes
                0x000000000000008f       0x39 Core/Src/eth.o
 .ARM.attributes
                0x00000000000000c8       0x39 Core/Src/gpio.o
 .ARM.attributes
                0x0000000000000101       0x39 Core/Src/main.o
 .ARM.attributes
                0x000000000000013a       0x39 Core/Src/stm32f4xx_hal_msp.o
 .ARM.attributes
                0x0000000000000173       0x39 Core/Src/stm32f4xx_it.o
 .ARM.attributes
                0x00000000000001ac       0x39 Core/Src/sysmem.o
 .ARM.attributes
                0x00000000000001e5       0x39 Core/Src/system_stm32f4xx.o
 .ARM.attributes
                0x000000000000021e       0x39 Core/Src/usart.o
 .ARM.attributes
                0x0000000000000257       0x39 Core/Src/usb_otg.o
 .ARM.attributes
                0x0000000000000290       0x21 Core/Startup/startup_stm32f429zitx.o
 .ARM.attributes
                0x00000000000002b1       0x39 Drivers/STM32F4xx_HAL_Driver/Src/stm32f4xx_hal.o
 .ARM.attributes
                0x00000000000002ea       0x39 Drivers/STM32F4xx_HAL_Driver/Src/stm32f4xx_hal_cortex.o
 .ARM.attributes
                0x0000000000000323       0x39 Drivers/STM32F4xx_HAL_Driver/Src/stm32f4xx_hal_crc.o
 .ARM.attributes
                0x000000000000035c       0x39 Drivers/STM32F4xx_HAL_Driver/Src/stm32f4xx_hal_eth.o
 .ARM.attributes
                0x0000000000000395       0x39 Drivers/STM32F4xx_HAL_Driver/Src/stm32f4xx_hal_gpio.o
 .ARM.attributes
                0x00000000000003ce       0x39 Drivers/STM32F4xx_HAL_Driver/Src/stm32f4xx_hal_pcd.o
 .ARM.attributes
                0x0000000000000407       0x39 Drivers/STM32F4xx_HAL_Driver/Src/stm32f4xx_hal_rcc.o
 .ARM.attributes
                0x0000000000000440       0x39 Drivers/STM32F4xx_HAL_Driver/Src/stm32f4xx_hal_uart.o
 .ARM.attributes
                0x0000000000000479       0x39 Drivers/STM32F4xx_HAL_Driver/Src/stm32f4xx_ll_usb.o
 .ARM.attributes
                0x00000000000004b2       0x34 d:/st/stm32cubeide_1.0.0/stm32cubeide/plugins/com.st.stm32cube.ide.mcu.externaltools.gnu-tools-for-stm32.7-2018-q2-update.win32_1.0.0.201904181610/tools/bin/../lib/gcc/arm-none-eabi/7.3.1/../../../../arm-none-eabi/lib/thumb/v7e-m/fpv4-sp/hard\libc_nano.a(lib_a-errno.o)
 .ARM.attributes
                0x00000000000004e6       0x34 d:/st/stm32cubeide_1.0.0/stm32cubeide/plugins/com.st.stm32cube.ide.mcu.externaltools.gnu-tools-for-stm32.7-2018-q2-update.win32_1.0.0.201904181610/tools/bin/../lib/gcc/arm-none-eabi/7.3.1/../../../../arm-none-eabi/lib/thumb/v7e-m/fpv4-sp/hard\libc_nano.a(lib_a-impure.o)
 .ARM.attributes
                0x000000000000051a       0x34 d:/st/stm32cubeide_1.0.0/stm32cubeide/plugins/com.st.stm32cube.ide.mcu.externaltools.gnu-tools-for-stm32.7-2018-q2-update.win32_1.0.0.201904181610/tools/bin/../lib/gcc/arm-none-eabi/7.3.1/../../../../arm-none-eabi/lib/thumb/v7e-m/fpv4-sp/hard\libc_nano.a(lib_a-init.o)
 .ARM.attributes
                0x000000000000054e       0x34 d:/st/stm32cubeide_1.0.0/stm32cubeide/plugins/com.st.stm32cube.ide.mcu.externaltools.gnu-tools-for-stm32.7-2018-q2-update.win32_1.0.0.201904181610/tools/bin/../lib/gcc/arm-none-eabi/7.3.1/../../../../arm-none-eabi/lib/thumb/v7e-m/fpv4-sp/hard\libc_nano.a(lib_a-memset.o)
 .ARM.attributes
                0x0000000000000582       0x1b d:/st/stm32cubeide_1.0.0/stm32cubeide/plugins/com.st.stm32cube.ide.mcu.externaltools.gnu-tools-for-stm32.7-2018-q2-update.win32_1.0.0.201904181610/tools/bin/../lib/gcc/arm-none-eabi/7.3.1/../../../../arm-none-eabi/lib/thumb/v7e-m/fpv4-sp/hard\libc_nano.a(lib_a-strlen.o)
 .ARM.attributes
                0x000000000000059d       0x34 d:/st/stm32cubeide_1.0.0/stm32cubeide/plugins/com.st.stm32cube.ide.mcu.externaltools.gnu-tools-for-stm32.7-2018-q2-update.win32_1.0.0.201904181610/tools/bin/../lib/gcc/arm-none-eabi/7.3.1/../../../../arm-none-eabi/lib/thumb/v7e-m/fpv4-sp/hard\libc_nano.a(lib_a-vsprintf.o)
 .ARM.attributes
                0x00000000000005d1       0x34 d:/st/stm32cubeide_1.0.0/stm32cubeide/plugins/com.st.stm32cube.ide.mcu.externaltools.gnu-tools-for-stm32.7-2018-q2-update.win32_1.0.0.201904181610/tools/bin/../lib/gcc/arm-none-eabi/7.3.1/../../../../arm-none-eabi/lib/thumb/v7e-m/fpv4-sp/hard\libc_nano.a(lib_a-nano-svfprintf.o)
 .ARM.attributes
                0x0000000000000605       0x34 d:/st/stm32cubeide_1.0.0/stm32cubeide/plugins/com.st.stm32cube.ide.mcu.externaltools.gnu-tools-for-stm32.7-2018-q2-update.win32_1.0.0.201904181610/tools/bin/../lib/gcc/arm-none-eabi/7.3.1/../../../../arm-none-eabi/lib/thumb/v7e-m/fpv4-sp/hard\libc_nano.a(lib_a-nano-vfprintf_i.o)
 .ARM.attributes
                0x0000000000000639       0x20 d:/st/stm32cubeide_1.0.0/stm32cubeide/plugins/com.st.stm32cube.ide.mcu.externaltools.gnu-tools-for-stm32.7-2018-q2-update.win32_1.0.0.201904181610/tools/bin/../lib/gcc/arm-none-eabi/7.3.1/../../../../arm-none-eabi/lib/thumb/v7e-m/fpv4-sp/hard\libc_nano.a(lib_a-memchr.o)
 .ARM.attributes
                0x0000000000000659       0x34 d:/st/stm32cubeide_1.0.0/stm32cubeide/plugins/com.st.stm32cube.ide.mcu.externaltools.gnu-tools-for-stm32.7-2018-q2-update.win32_1.0.0.201904181610/tools/bin/../lib/gcc/arm-none-eabi/7.3.1/../../../../arm-none-eabi/lib/thumb/v7e-m/fpv4-sp/hard\libc_nano.a(lib_a-memcpy-stub.o)
 .ARM.attributes
                0x000000000000068d       0x34 d:/st/stm32cubeide_1.0.0/stm32cubeide/plugins/com.st.stm32cube.ide.mcu.externaltools.gnu-tools-for-stm32.7-2018-q2-update.win32_1.0.0.201904181610/tools/bin/../lib/gcc/arm-none-eabi/7.3.1/../../../../arm-none-eabi/lib/thumb/v7e-m/fpv4-sp/hard\libc_nano.a(lib_a-memmove.o)
 .ARM.attributes
                0x00000000000006c1       0x34 d:/st/stm32cubeide_1.0.0/stm32cubeide/plugins/com.st.stm32cube.ide.mcu.externaltools.gnu-tools-for-stm32.7-2018-q2-update.win32_1.0.0.201904181610/tools/bin/../lib/gcc/arm-none-eabi/7.3.1/../../../../arm-none-eabi/lib/thumb/v7e-m/fpv4-sp/hard\libc_nano.a(lib_a-nano-freer.o)
 .ARM.attributes
                0x00000000000006f5       0x34 d:/st/stm32cubeide_1.0.0/stm32cubeide/plugins/com.st.stm32cube.ide.mcu.externaltools.gnu-tools-for-stm32.7-2018-q2-update.win32_1.0.0.201904181610/tools/bin/../lib/gcc/arm-none-eabi/7.3.1/../../../../arm-none-eabi/lib/thumb/v7e-m/fpv4-sp/hard\libc_nano.a(lib_a-nano-mallocr.o)
 .ARM.attributes
                0x0000000000000729       0x34 d:/st/stm32cubeide_1.0.0/stm32cubeide/plugins/com.st.stm32cube.ide.mcu.externaltools.gnu-tools-for-stm32.7-2018-q2-update.win32_1.0.0.201904181610/tools/bin/../lib/gcc/arm-none-eabi/7.3.1/../../../../arm-none-eabi/lib/thumb/v7e-m/fpv4-sp/hard\libc_nano.a(lib_a-nano-reallocr.o)
 .ARM.attributes
                0x000000000000075d       0x34 d:/st/stm32cubeide_1.0.0/stm32cubeide/plugins/com.st.stm32cube.ide.mcu.externaltools.gnu-tools-for-stm32.7-2018-q2-update.win32_1.0.0.201904181610/tools/bin/../lib/gcc/arm-none-eabi/7.3.1/../../../../arm-none-eabi/lib/thumb/v7e-m/fpv4-sp/hard\libc_nano.a(lib_a-sbrkr.o)
 .ARM.attributes
                0x0000000000000791       0x34 d:/st/stm32cubeide_1.0.0/stm32cubeide/plugins/com.st.stm32cube.ide.mcu.externaltools.gnu-tools-for-stm32.7-2018-q2-update.win32_1.0.0.201904181610/tools/bin/../lib/gcc/arm-none-eabi/7.3.1/../../../../arm-none-eabi/lib/thumb/v7e-m/fpv4-sp/hard\libc_nano.a(lib_a-mlock.o)
 .ARM.attributes
                0x00000000000007c5       0x34 d:/st/stm32cubeide_1.0.0/stm32cubeide/plugins/com.st.stm32cube.ide.mcu.externaltools.gnu-tools-for-stm32.7-2018-q2-update.win32_1.0.0.201904181610/tools/bin/../lib/gcc/arm-none-eabi/7.3.1/../../../../arm-none-eabi/lib/thumb/v7e-m/fpv4-sp/hard\libc_nano.a(lib_a-nano-msizer.o)
 .ARM.attributes
                0x00000000000007f9       0x34 d:/st/stm32cubeide_1.0.0/stm32cubeide/plugins/com.st.stm32cube.ide.mcu.externaltools.gnu-tools-for-stm32.7-2018-q2-update.win32_1.0.0.201904181610/tools/bin/../lib/gcc/arm-none-eabi/7.3.1/../../../../arm-none-eabi/lib/thumb/v7e-m/fpv4-sp/hard\libc_nano.a(lib_a-reent.o)
 .ARM.attributes
                0x000000000000082d       0x22 d:/st/stm32cubeide_1.0.0/stm32cubeide/plugins/com.st.stm32cube.ide.mcu.externaltools.gnu-tools-for-stm32.7-2018-q2-update.win32_1.0.0.201904181610/tools/bin/../lib/gcc/arm-none-eabi/7.3.1/thumb/v7e-m/fpv4-sp/hard\libgcc.a(_aeabi_uldivmod.o)
 .ARM.attributes
                0x000000000000084f       0x34 d:/st/stm32cubeide_1.0.0/stm32cubeide/plugins/com.st.stm32cube.ide.mcu.externaltools.gnu-tools-for-stm32.7-2018-q2-update.win32_1.0.0.201904181610/tools/bin/../lib/gcc/arm-none-eabi/7.3.1/thumb/v7e-m/fpv4-sp/hard\libgcc.a(_udivmoddi4.o)
 .ARM.attributes
                0x0000000000000883       0x22 d:/st/stm32cubeide_1.0.0/stm32cubeide/plugins/com.st.stm32cube.ide.mcu.externaltools.gnu-tools-for-stm32.7-2018-q2-update.win32_1.0.0.201904181610/tools/bin/../lib/gcc/arm-none-eabi/7.3.1/thumb/v7e-m/fpv4-sp/hard\libgcc.a(_dvmd_tls.o)
 .ARM.attributes
                0x00000000000008a5       0x22 d:/st/stm32cubeide_1.0.0/stm32cubeide/plugins/com.st.stm32cube.ide.mcu.externaltools.gnu-tools-for-stm32.7-2018-q2-update.win32_1.0.0.201904181610/tools/bin/../lib/gcc/arm-none-eabi/7.3.1/thumb/v7e-m/fpv4-sp/hard/crtn.o
OUTPUT(bootloader.elf elf32-littlearm)

.debug_info     0x0000000000000000    0x11a29
 .debug_info    0x0000000000000000      0x4fa Core/Src/crc.o
 .debug_info    0x00000000000004fa     0x1726 Core/Src/eth.o
 .debug_info    0x0000000000001c20      0x51a Core/Src/gpio.o
 .debug_info    0x000000000000213a     0x215c Core/Src/main.o
 .debug_info    0x0000000000004296      0x37c Core/Src/stm32f4xx_hal_msp.o
 .debug_info    0x0000000000004612      0x20a Core/Src/stm32f4xx_it.o
 .debug_info    0x000000000000481c      0x985 Core/Src/sysmem.o
 .debug_info    0x00000000000051a1      0x56e Core/Src/system_stm32f4xx.o
 .debug_info    0x000000000000570f      0xa03 Core/Src/usart.o
 .debug_info    0x0000000000006112      0x983 Core/Src/usb_otg.o
 .debug_info    0x0000000000006a95       0x22 Core/Startup/startup_stm32f429zitx.o
 .debug_info    0x0000000000006ab7      0x9b9 Drivers/STM32F4xx_HAL_Driver/Src/stm32f4xx_hal.o
 .debug_info    0x0000000000007470      0xe5e Drivers/STM32F4xx_HAL_Driver/Src/stm32f4xx_hal_cortex.o
 .debug_info    0x00000000000082ce      0x441 Drivers/STM32F4xx_HAL_Driver/Src/stm32f4xx_hal_crc.o
 .debug_info    0x000000000000870f     0x20d4 Drivers/STM32F4xx_HAL_Driver/Src/stm32f4xx_hal_eth.o
 .debug_info    0x000000000000a7e3      0x7de Drivers/STM32F4xx_HAL_Driver/Src/stm32f4xx_hal_gpio.o
 .debug_info    0x000000000000afc1     0x12aa Drivers/STM32F4xx_HAL_Driver/Src/stm32f4xx_hal_pcd.o
 .debug_info    0x000000000000c26b      0x91e Drivers/STM32F4xx_HAL_Driver/Src/stm32f4xx_hal_rcc.o
 .debug_info    0x000000000000cb89     0x34dc Drivers/STM32F4xx_HAL_Driver/Src/stm32f4xx_hal_uart.o
 .debug_info    0x0000000000010065     0x19c4 Drivers/STM32F4xx_HAL_Driver/Src/stm32f4xx_ll_usb.o

.debug_abbrev   0x0000000000000000     0x245c
 .debug_abbrev  0x0000000000000000      0x159 Core/Src/crc.o
 .debug_abbrev  0x0000000000000159      0x23a Core/Src/eth.o
 .debug_abbrev  0x0000000000000393      0x134 Core/Src/gpio.o
 .debug_abbrev  0x00000000000004c7      0x30e Core/Src/main.o
 .debug_abbrev  0x00000000000007d5      0x109 Core/Src/stm32f4xx_hal_msp.o
 .debug_abbrev  0x00000000000008de       0xc6 Core/Src/stm32f4xx_it.o
 .debug_abbrev  0x00000000000009a4      0x19b Core/Src/sysmem.o
 .debug_abbrev  0x0000000000000b3f      0x12b Core/Src/system_stm32f4xx.o
 .debug_abbrev  0x0000000000000c6a      0x199 Core/Src/usart.o
 .debug_abbrev  0x0000000000000e03      0x1b2 Core/Src/usb_otg.o
 .debug_abbrev  0x0000000000000fb5       0x12 Core/Startup/startup_stm32f429zitx.o
 .debug_abbrev  0x0000000000000fc7      0x1c7 Drivers/STM32F4xx_HAL_Driver/Src/stm32f4xx_hal.o
 .debug_abbrev  0x000000000000118e      0x2fa Drivers/STM32F4xx_HAL_Driver/Src/stm32f4xx_hal_cortex.o
 .debug_abbrev  0x0000000000001488      0x1b7 Drivers/STM32F4xx_HAL_Driver/Src/stm32f4xx_hal_crc.o
 .debug_abbrev  0x000000000000163f      0x289 Drivers/STM32F4xx_HAL_Driver/Src/stm32f4xx_hal_eth.o
 .debug_abbrev  0x00000000000018c8      0x1c9 Drivers/STM32F4xx_HAL_Driver/Src/stm32f4xx_hal_gpio.o
 .debug_abbrev  0x0000000000001a91      0x266 Drivers/STM32F4xx_HAL_Driver/Src/stm32f4xx_hal_pcd.o
 .debug_abbrev  0x0000000000001cf7      0x245 Drivers/STM32F4xx_HAL_Driver/Src/stm32f4xx_hal_rcc.o
 .debug_abbrev  0x0000000000001f3c      0x2b3 Drivers/STM32F4xx_HAL_Driver/Src/stm32f4xx_hal_uart.o
 .debug_abbrev  0x00000000000021ef      0x26d Drivers/STM32F4xx_HAL_Driver/Src/stm32f4xx_ll_usb.o

.debug_aranges  0x0000000000000000      0xc40
 .debug_aranges
                0x0000000000000000       0x30 Core/Src/crc.o
 .debug_aranges
                0x0000000000000030       0x30 Core/Src/eth.o
 .debug_aranges
                0x0000000000000060       0x20 Core/Src/gpio.o
 .debug_aranges
                0x0000000000000080       0x58 Core/Src/main.o
 .debug_aranges
                0x00000000000000d8       0x20 Core/Src/stm32f4xx_hal_msp.o
 .debug_aranges
                0x00000000000000f8       0x60 Core/Src/stm32f4xx_it.o
 .debug_aranges
                0x0000000000000158       0x20 Core/Src/sysmem.o
 .debug_aranges
                0x0000000000000178       0x28 Core/Src/system_stm32f4xx.o
 .debug_aranges
                0x00000000000001a0       0x38 Core/Src/usart.o
 .debug_aranges
                0x00000000000001d8       0x30 Core/Src/usb_otg.o
 .debug_aranges
                0x0000000000000208       0x28 Core/Startup/startup_stm32f429zitx.o
 .debug_aranges
                0x0000000000000230      0x100 Drivers/STM32F4xx_HAL_Driver/Src/stm32f4xx_hal.o
 .debug_aranges
                0x0000000000000330      0x118 Drivers/STM32F4xx_HAL_Driver/Src/stm32f4xx_hal_cortex.o
 .debug_aranges
                0x0000000000000448       0x50 Drivers/STM32F4xx_HAL_Driver/Src/stm32f4xx_hal_crc.o
 .debug_aranges
                0x0000000000000498      0x1e0 Drivers/STM32F4xx_HAL_Driver/Src/stm32f4xx_hal_eth.o
 .debug_aranges
                0x0000000000000678       0x58 Drivers/STM32F4xx_HAL_Driver/Src/stm32f4xx_hal_gpio.o
 .debug_aranges
                0x00000000000006d0      0x148 Drivers/STM32F4xx_HAL_Driver/Src/stm32f4xx_hal_pcd.o
 .debug_aranges
                0x0000000000000818       0x88 Drivers/STM32F4xx_HAL_Driver/Src/stm32f4xx_hal_rcc.o
 .debug_aranges
                0x00000000000008a0      0x200 Drivers/STM32F4xx_HAL_Driver/Src/stm32f4xx_hal_uart.o
 .debug_aranges
                0x0000000000000aa0      0x1a0 Drivers/STM32F4xx_HAL_Driver/Src/stm32f4xx_ll_usb.o

.debug_ranges   0x0000000000000000      0xb38
 .debug_ranges  0x0000000000000000       0x20 Core/Src/crc.o
 .debug_ranges  0x0000000000000020       0x20 Core/Src/eth.o
 .debug_ranges  0x0000000000000040       0x10 Core/Src/gpio.o
 .debug_ranges  0x0000000000000050       0x48 Core/Src/main.o
 .debug_ranges  0x0000000000000098       0x10 Core/Src/stm32f4xx_hal_msp.o
 .debug_ranges  0x00000000000000a8       0x50 Core/Src/stm32f4xx_it.o
 .debug_ranges  0x00000000000000f8       0x10 Core/Src/sysmem.o
 .debug_ranges  0x0000000000000108       0x18 Core/Src/system_stm32f4xx.o
 .debug_ranges  0x0000000000000120       0x28 Core/Src/usart.o
 .debug_ranges  0x0000000000000148       0x20 Core/Src/usb_otg.o
 .debug_ranges  0x0000000000000168       0x20 Core/Startup/startup_stm32f429zitx.o
 .debug_ranges  0x0000000000000188       0xf0 Drivers/STM32F4xx_HAL_Driver/Src/stm32f4xx_hal.o
 .debug_ranges  0x0000000000000278      0x108 Drivers/STM32F4xx_HAL_Driver/Src/stm32f4xx_hal_cortex.o
 .debug_ranges  0x0000000000000380       0x40 Drivers/STM32F4xx_HAL_Driver/Src/stm32f4xx_hal_crc.o
 .debug_ranges  0x00000000000003c0      0x1d0 Drivers/STM32F4xx_HAL_Driver/Src/stm32f4xx_hal_eth.o
 .debug_ranges  0x0000000000000590       0x48 Drivers/STM32F4xx_HAL_Driver/Src/stm32f4xx_hal_gpio.o
 .debug_ranges  0x00000000000005d8      0x138 Drivers/STM32F4xx_HAL_Driver/Src/stm32f4xx_hal_pcd.o
 .debug_ranges  0x0000000000000710       0x78 Drivers/STM32F4xx_HAL_Driver/Src/stm32f4xx_hal_rcc.o
 .debug_ranges  0x0000000000000788      0x220 Drivers/STM32F4xx_HAL_Driver/Src/stm32f4xx_hal_uart.o
 .debug_ranges  0x00000000000009a8      0x190 Drivers/STM32F4xx_HAL_Driver/Src/stm32f4xx_ll_usb.o

.debug_macro    0x0000000000000000    0x255fd
 .debug_macro   0x0000000000000000      0x20b Core/Src/crc.o
 .debug_macro   0x000000000000020b      0xa5a Core/Src/crc.o
 .debug_macro   0x0000000000000c65      0x2a7 Core/Src/crc.o
 .debug_macro   0x0000000000000f0c       0x2e Core/Src/crc.o
 .debug_macro   0x0000000000000f3a       0x28 Core/Src/crc.o
 .debug_macro   0x0000000000000f62       0x22 Core/Src/crc.o
 .debug_macro   0x0000000000000f84       0x8e Core/Src/crc.o
 .debug_macro   0x0000000000001012       0x51 Core/Src/crc.o
 .debug_macro   0x0000000000001063       0xef Core/Src/crc.o
 .debug_macro   0x0000000000001152       0x6a Core/Src/crc.o
 .debug_macro   0x00000000000011bc      0x1df Core/Src/crc.o
 .debug_macro   0x000000000000139b       0x1c Core/Src/crc.o
 .debug_macro   0x00000000000013b7       0x22 Core/Src/crc.o
 .debug_macro   0x00000000000013d9       0xdf Core/Src/crc.o
 .debug_macro   0x00000000000014b8     0x102d Core/Src/crc.o
 .debug_macro   0x00000000000024e5      0x11f Core/Src/crc.o
 .debug_macro   0x0000000000002604    0x17fc0 Core/Src/crc.o
 .debug_macro   0x000000000001a5c4       0x6d Core/Src/crc.o
 .debug_macro   0x000000000001a631     0x36f5 Core/Src/crc.o
 .debug_macro   0x000000000001dd26      0x174 Core/Src/crc.o
 .debug_macro   0x000000000001de9a       0x5c Core/Src/crc.o
 .debug_macro   0x000000000001def6      0xca5 Core/Src/crc.o
 .debug_macro   0x000000000001eb9b      0x9fe Core/Src/crc.o
 .debug_macro   0x000000000001f599      0x115 Core/Src/crc.o
 .debug_macro   0x000000000001f6ae      0x156 Core/Src/crc.o
 .debug_macro   0x000000000001f804       0xa5 Core/Src/crc.o
 .debug_macro   0x000000000001f8a9      0x182 Core/Src/crc.o
 .debug_macro   0x000000000001fa2b      0x287 Core/Src/crc.o
 .debug_macro   0x000000000001fcb2       0x5f Core/Src/crc.o
 .debug_macro   0x000000000001fd11      0x236 Core/Src/crc.o
 .debug_macro   0x000000000001ff47       0x22 Core/Src/crc.o
 .debug_macro   0x000000000001ff69      0xd44 Core/Src/crc.o
 .debug_macro   0x0000000000020cad      0x132 Core/Src/crc.o
 .debug_macro   0x0000000000020ddf      0x41d Core/Src/crc.o
 .debug_macro   0x00000000000211fc       0x2e Core/Src/crc.o
 .debug_macro   0x000000000002122a      0x11a Core/Src/crc.o
 .debug_macro   0x0000000000021344       0xe2 Core/Src/crc.o
 .debug_macro   0x0000000000021426       0x89 Core/Src/crc.o
 .debug_macro   0x00000000000214af      0x295 Core/Src/crc.o
 .debug_macro   0x0000000000021744      0x248 Core/Src/crc.o
 .debug_macro   0x000000000002198c       0xba Core/Src/crc.o
 .debug_macro   0x0000000000021a46      0x134 Core/Src/crc.o
 .debug_macro   0x0000000000021b7a      0x14e Core/Src/crc.o
 .debug_macro   0x0000000000021cc8      0x2cc Core/Src/eth.o
 .debug_macro   0x0000000000021f94       0x46 Core/Src/eth.o
 .debug_macro   0x0000000000021fda       0x18 Core/Src/eth.o
 .debug_macro   0x0000000000021ff2       0x3c Core/Src/eth.o
 .debug_macro   0x000000000002202e       0x34 Core/Src/eth.o
 .debug_macro   0x0000000000022062       0x52 Core/Src/eth.o
 .debug_macro   0x00000000000220b4       0x1f Core/Src/eth.o
 .debug_macro   0x00000000000220d3       0x43 Core/Src/eth.o
 .debug_macro   0x0000000000022116       0x20 Core/Src/eth.o
 .debug_macro   0x0000000000022136      0x1a3 Core/Src/eth.o
 .debug_macro   0x00000000000222d9      0x32a Core/Src/eth.o
 .debug_macro   0x0000000000022603       0x10 Core/Src/eth.o
 .debug_macro   0x0000000000022613       0x35 Core/Src/eth.o
 .debug_macro   0x0000000000022648       0x20 Core/Src/eth.o
 .debug_macro   0x0000000000022668      0x20b Core/Src/gpio.o
 .debug_macro   0x0000000000022873      0x3c3 Core/Src/main.o
 .debug_macro   0x0000000000022c36       0x58 Core/Src/main.o
 .debug_macro   0x0000000000022c8e       0x40 Core/Src/main.o
 .debug_macro   0x0000000000022cce       0x94 Core/Src/main.o
 .debug_macro   0x0000000000022d62       0x57 Core/Src/main.o
 .debug_macro   0x0000000000022db9      0x330 Core/Src/main.o
 .debug_macro   0x00000000000230e9       0x1c Core/Src/main.o
 .debug_macro   0x0000000000023105       0x10 Core/Src/main.o
 .debug_macro   0x0000000000023115       0x1c Core/Src/main.o
 .debug_macro   0x0000000000023131       0x52 Core/Src/main.o
 .debug_macro   0x0000000000023183       0x40 Core/Src/main.o
 .debug_macro   0x00000000000231c3       0x10 Core/Src/main.o
 .debug_macro   0x00000000000231d3       0x40 Core/Src/main.o
 .debug_macro   0x0000000000023213       0xd7 Core/Src/main.o
 .debug_macro   0x00000000000232ea       0x1c Core/Src/main.o
 .debug_macro   0x0000000000023306       0x3d Core/Src/main.o
 .debug_macro   0x0000000000023343       0x16 Core/Src/main.o
 .debug_macro   0x0000000000023359      0x145 Core/Src/main.o
 .debug_macro   0x000000000002349e       0xd9 Core/Src/main.o
 .debug_macro   0x0000000000023577       0x56 Core/Src/main.o
 .debug_macro   0x00000000000235cd      0x201 Core/Src/stm32f4xx_hal_msp.o
 .debug_macro   0x00000000000237ce      0x20b Core/Src/stm32f4xx_it.o
 .debug_macro   0x00000000000239d9       0xee Core/Src/sysmem.o
 .debug_macro   0x0000000000023ac7      0x23b Core/Src/sysmem.o
 .debug_macro   0x0000000000023d02      0x1f2 Core/Src/system_stm32f4xx.o
 .debug_macro   0x0000000000023ef4      0x20b Core/Src/usart.o
 .debug_macro   0x00000000000240ff      0x20b Core/Src/usb_otg.o
 .debug_macro   0x000000000002430a      0x252 Drivers/STM32F4xx_HAL_Driver/Src/stm32f4xx_hal.o
 .debug_macro   0x000000000002455c      0x1f2 Drivers/STM32F4xx_HAL_Driver/Src/stm32f4xx_hal_cortex.o
 .debug_macro   0x000000000002474e      0x1f2 Drivers/STM32F4xx_HAL_Driver/Src/stm32f4xx_hal_crc.o
 .debug_macro   0x0000000000024940      0x2cc Drivers/STM32F4xx_HAL_Driver/Src/stm32f4xx_hal_eth.o
 .debug_macro   0x0000000000024c0c      0x1f8 Drivers/STM32F4xx_HAL_Driver/Src/stm32f4xx_hal_gpio.o
 .debug_macro   0x0000000000024e04      0x1fe Drivers/STM32F4xx_HAL_Driver/Src/stm32f4xx_hal_pcd.o
 .debug_macro   0x0000000000025002      0x216 Drivers/STM32F4xx_HAL_Driver/Src/stm32f4xx_hal_rcc.o
 .debug_macro   0x0000000000025218      0x1f3 Drivers/STM32F4xx_HAL_Driver/Src/stm32f4xx_hal_uart.o
 .debug_macro   0x000000000002540b      0x1f2 Drivers/STM32F4xx_HAL_Driver/Src/stm32f4xx_ll_usb.o

.debug_line     0x0000000000000000     0xc23c
 .debug_line    0x0000000000000000      0x727 Core/Src/crc.o
 .debug_line    0x0000000000000727      0x8b2 Core/Src/eth.o
 .debug_line    0x0000000000000fd9      0x71a Core/Src/gpio.o
 .debug_line    0x00000000000016f3      0xa09 Core/Src/main.o
 .debug_line    0x00000000000020fc      0x704 Core/Src/stm32f4xx_hal_msp.o
 .debug_line    0x0000000000002800      0x7ad Core/Src/stm32f4xx_it.o
 .debug_line    0x0000000000002fad      0x4c7 Core/Src/sysmem.o
 .debug_line    0x0000000000003474      0x71f Core/Src/system_stm32f4xx.o
 .debug_line    0x0000000000003b93      0x776 Core/Src/usart.o
 .debug_line    0x0000000000004309      0x748 Core/Src/usb_otg.o
 .debug_line    0x0000000000004a51       0x88 Core/Startup/startup_stm32f429zitx.o
 .debug_line    0x0000000000004ad9      0x92e Drivers/STM32F4xx_HAL_Driver/Src/stm32f4xx_hal.o
 .debug_line    0x0000000000005407      0xa2e Drivers/STM32F4xx_HAL_Driver/Src/stm32f4xx_hal_cortex.o
 .debug_line    0x0000000000005e35      0x7b9 Drivers/STM32F4xx_HAL_Driver/Src/stm32f4xx_hal_crc.o
 .debug_line    0x00000000000065ee      0xf71 Drivers/STM32F4xx_HAL_Driver/Src/stm32f4xx_hal_eth.o
 .debug_line    0x000000000000755f      0x8ff Drivers/STM32F4xx_HAL_Driver/Src/stm32f4xx_hal_gpio.o
 .debug_line    0x0000000000007e5e      0xd37 Drivers/STM32F4xx_HAL_Driver/Src/stm32f4xx_hal_pcd.o
 .debug_line    0x0000000000008b95      0x966 Drivers/STM32F4xx_HAL_Driver/Src/stm32f4xx_hal_rcc.o
 .debug_line    0x00000000000094fb     0x1e35 Drivers/STM32F4xx_HAL_Driver/Src/stm32f4xx_hal_uart.o
 .debug_line    0x000000000000b330      0xf0c Drivers/STM32F4xx_HAL_Driver/Src/stm32f4xx_ll_usb.o

.debug_str      0x0000000000000000    0xdb068
 .debug_str     0x0000000000000000    0xd204a Core/Src/crc.o
                                      0xd22e4 (size before relaxing)
 .debug_str     0x00000000000d204a     0x358e Core/Src/eth.o
                                      0xd5837 (size before relaxing)
 .debug_str     0x00000000000d55d8       0x48 Core/Src/gpio.o
                                      0xd2245 (size before relaxing)
 .debug_str     0x00000000000d5620     0x1c0b Core/Src/main.o
                                      0xd745c (size before relaxing)
 .debug_str     0x00000000000d722b       0x2c Core/Src/stm32f4xx_hal_msp.o
                                      0xd21a8 (size before relaxing)
 .debug_str     0x00000000000d7257       0xbd Core/Src/stm32f4xx_it.o
                                      0xd2123 (size before relaxing)
 .debug_str     0x00000000000d7314      0x4e9 Core/Src/sysmem.o
                                       0x5f78 (size before relaxing)
 .debug_str     0x00000000000d77fd       0xaf Core/Src/system_stm32f4xx.o
                                      0xd1ce4 (size before relaxing)
 .debug_str     0x00000000000d78ac       0x6b Core/Src/usart.o
                                      0xd26c5 (size before relaxing)
 .debug_str     0x00000000000d7917       0x59 Core/Src/usb_otg.o
                                      0xd2651 (size before relaxing)
 .debug_str     0x00000000000d7970       0x36 Core/Startup/startup_stm32f429zitx.o
                                         0x85 (size before relaxing)
 .debug_str     0x00000000000d79a6      0xb07 Drivers/STM32F4xx_HAL_Driver/Src/stm32f4xx_hal.o
                                      0xd2865 (size before relaxing)
 .debug_str     0x00000000000d84ad      0x38d Drivers/STM32F4xx_HAL_Driver/Src/stm32f4xx_hal_cortex.o
                                      0xd2606 (size before relaxing)
 .debug_str     0x00000000000d883a       0xa4 Drivers/STM32F4xx_HAL_Driver/Src/stm32f4xx_hal_crc.o
                                      0xd1d2b (size before relaxing)
 .debug_str     0x00000000000d88de     0x11e3 Drivers/STM32F4xx_HAL_Driver/Src/stm32f4xx_hal_eth.o
                                      0xd3573 (size before relaxing)
 .debug_str     0x00000000000d9ac1      0x11a Drivers/STM32F4xx_HAL_Driver/Src/stm32f4xx_hal_gpio.o
                                      0xd1e8b (size before relaxing)
 .debug_str     0x00000000000d9bdb      0x577 Drivers/STM32F4xx_HAL_Driver/Src/stm32f4xx_hal_pcd.o
                                      0xd2513 (size before relaxing)
 .debug_str     0x00000000000da152      0x259 Drivers/STM32F4xx_HAL_Driver/Src/stm32f4xx_hal_rcc.o
                                      0xd20e6 (size before relaxing)
 .debug_str     0x00000000000da3ab      0x610 Drivers/STM32F4xx_HAL_Driver/Src/stm32f4xx_hal_uart.o
                                      0xd2659 (size before relaxing)
 .debug_str     0x00000000000da9bb      0x6ad Drivers/STM32F4xx_HAL_Driver/Src/stm32f4xx_ll_usb.o
                                      0xd261d (size before relaxing)

.comment        0x0000000000000000       0x7b
 .comment       0x0000000000000000       0x7b Core/Src/crc.o
                                         0x7c (size before relaxing)
 .comment       0x000000000000007b       0x7c Core/Src/eth.o
 .comment       0x000000000000007b       0x7c Core/Src/gpio.o
 .comment       0x000000000000007b       0x7c Core/Src/main.o
 .comment       0x000000000000007b       0x7c Core/Src/stm32f4xx_hal_msp.o
 .comment       0x000000000000007b       0x7c Core/Src/stm32f4xx_it.o
 .comment       0x000000000000007b       0x7c Core/Src/sysmem.o
 .comment       0x000000000000007b       0x7c Core/Src/system_stm32f4xx.o
 .comment       0x000000000000007b       0x7c Core/Src/usart.o
 .comment       0x000000000000007b       0x7c Core/Src/usb_otg.o
 .comment       0x000000000000007b       0x7c Drivers/STM32F4xx_HAL_Driver/Src/stm32f4xx_hal.o
 .comment       0x000000000000007b       0x7c Drivers/STM32F4xx_HAL_Driver/Src/stm32f4xx_hal_cortex.o
 .comment       0x000000000000007b       0x7c Drivers/STM32F4xx_HAL_Driver/Src/stm32f4xx_hal_crc.o
 .comment       0x000000000000007b       0x7c Drivers/STM32F4xx_HAL_Driver/Src/stm32f4xx_hal_eth.o
 .comment       0x000000000000007b       0x7c Drivers/STM32F4xx_HAL_Driver/Src/stm32f4xx_hal_gpio.o
 .comment       0x000000000000007b       0x7c Drivers/STM32F4xx_HAL_Driver/Src/stm32f4xx_hal_pcd.o
 .comment       0x000000000000007b       0x7c Drivers/STM32F4xx_HAL_Driver/Src/stm32f4xx_hal_rcc.o
 .comment       0x000000000000007b       0x7c Drivers/STM32F4xx_HAL_Driver/Src/stm32f4xx_hal_uart.o
 .comment       0x000000000000007b       0x7c Drivers/STM32F4xx_HAL_Driver/Src/stm32f4xx_ll_usb.o

.debug_frame    0x0000000000000000     0x34d0
 .debug_frame   0x0000000000000000       0x7c Core/Src/crc.o
 .debug_frame   0x000000000000007c       0x74 Core/Src/eth.o
 .debug_frame   0x00000000000000f0       0x34 Core/Src/gpio.o
 .debug_frame   0x0000000000000124      0x138 Core/Src/main.o
 .debug_frame   0x000000000000025c       0x38 Core/Src/stm32f4xx_hal_msp.o
 .debug_frame   0x0000000000000294      0x104 Core/Src/stm32f4xx_it.o
 .debug_frame   0x0000000000000398       0x34 Core/Src/sysmem.o
 .debug_frame   0x00000000000003cc       0x58 Core/Src/system_stm32f4xx.o
 .debug_frame   0x0000000000000424       0x90 Core/Src/usart.o
 .debug_frame   0x00000000000004b4       0x74 Core/Src/usb_otg.o
 .debug_frame   0x0000000000000528      0x3b4 Drivers/STM32F4xx_HAL_Driver/Src/stm32f4xx_hal.o
 .debug_frame   0x00000000000008dc      0x498 Drivers/STM32F4xx_HAL_Driver/Src/stm32f4xx_hal_cortex.o
 .debug_frame   0x0000000000000d74      0x120 Drivers/STM32F4xx_HAL_Driver/Src/stm32f4xx_hal_crc.o
 .debug_frame   0x0000000000000e94      0x898 Drivers/STM32F4xx_HAL_Driver/Src/stm32f4xx_hal_eth.o
 .debug_frame   0x000000000000172c      0x14c Drivers/STM32F4xx_HAL_Driver/Src/stm32f4xx_hal_gpio.o
 .debug_frame   0x0000000000001878      0x5bc Drivers/STM32F4xx_HAL_Driver/Src/stm32f4xx_hal_pcd.o
 .debug_frame   0x0000000000001e34      0x1f0 Drivers/STM32F4xx_HAL_Driver/Src/stm32f4xx_hal_rcc.o
 .debug_frame   0x0000000000002024      0x92c Drivers/STM32F4xx_HAL_Driver/Src/stm32f4xx_hal_uart.o
 .debug_frame   0x0000000000002950      0x7c0 Drivers/STM32F4xx_HAL_Driver/Src/stm32f4xx_ll_usb.o
 .debug_frame   0x0000000000003110       0x20 d:/st/stm32cubeide_1.0.0/stm32cubeide/plugins/com.st.stm32cube.ide.mcu.externaltools.gnu-tools-for-stm32.7-2018-q2-update.win32_1.0.0.201904181610/tools/bin/../lib/gcc/arm-none-eabi/7.3.1/../../../../arm-none-eabi/lib/thumb/v7e-m/fpv4-sp/hard\libc_nano.a(lib_a-errno.o)
 .debug_frame   0x0000000000003130       0x2c d:/st/stm32cubeide_1.0.0/stm32cubeide/plugins/com.st.stm32cube.ide.mcu.externaltools.gnu-tools-for-stm32.7-2018-q2-update.win32_1.0.0.201904181610/tools/bin/../lib/gcc/arm-none-eabi/7.3.1/../../../../arm-none-eabi/lib/thumb/v7e-m/fpv4-sp/hard\libc_nano.a(lib_a-init.o)
 .debug_frame   0x000000000000315c       0x20 d:/st/stm32cubeide_1.0.0/stm32cubeide/plugins/com.st.stm32cube.ide.mcu.externaltools.gnu-tools-for-stm32.7-2018-q2-update.win32_1.0.0.201904181610/tools/bin/../lib/gcc/arm-none-eabi/7.3.1/../../../../arm-none-eabi/lib/thumb/v7e-m/fpv4-sp/hard\libc_nano.a(lib_a-memset.o)
 .debug_frame   0x000000000000317c       0x3c d:/st/stm32cubeide_1.0.0/stm32cubeide/plugins/com.st.stm32cube.ide.mcu.externaltools.gnu-tools-for-stm32.7-2018-q2-update.win32_1.0.0.201904181610/tools/bin/../lib/gcc/arm-none-eabi/7.3.1/../../../../arm-none-eabi/lib/thumb/v7e-m/fpv4-sp/hard\libc_nano.a(lib_a-vsprintf.o)
 .debug_frame   0x00000000000031b8       0x90 d:/st/stm32cubeide_1.0.0/stm32cubeide/plugins/com.st.stm32cube.ide.mcu.externaltools.gnu-tools-for-stm32.7-2018-q2-update.win32_1.0.0.201904181610/tools/bin/../lib/gcc/arm-none-eabi/7.3.1/../../../../arm-none-eabi/lib/thumb/v7e-m/fpv4-sp/hard\libc_nano.a(lib_a-nano-svfprintf.o)
 .debug_frame   0x0000000000003248       0x60 d:/st/stm32cubeide_1.0.0/stm32cubeide/plugins/com.st.stm32cube.ide.mcu.externaltools.gnu-tools-for-stm32.7-2018-q2-update.win32_1.0.0.201904181610/tools/bin/../lib/gcc/arm-none-eabi/7.3.1/../../../../arm-none-eabi/lib/thumb/v7e-m/fpv4-sp/hard\libc_nano.a(lib_a-nano-vfprintf_i.o)
 .debug_frame   0x00000000000032a8       0x28 d:/st/stm32cubeide_1.0.0/stm32cubeide/plugins/com.st.stm32cube.ide.mcu.externaltools.gnu-tools-for-stm32.7-2018-q2-update.win32_1.0.0.201904181610/tools/bin/../lib/gcc/arm-none-eabi/7.3.1/../../../../arm-none-eabi/lib/thumb/v7e-m/fpv4-sp/hard\libc_nano.a(lib_a-memcpy-stub.o)
 .debug_frame   0x00000000000032d0       0x28 d:/st/stm32cubeide_1.0.0/stm32cubeide/plugins/com.st.stm32cube.ide.mcu.externaltools.gnu-tools-for-stm32.7-2018-q2-update.win32_1.0.0.201904181610/tools/bin/../lib/gcc/arm-none-eabi/7.3.1/../../../../arm-none-eabi/lib/thumb/v7e-m/fpv4-sp/hard\libc_nano.a(lib_a-memmove.o)
 .debug_frame   0x00000000000032f8       0x38 d:/st/stm32cubeide_1.0.0/stm32cubeide/plugins/com.st.stm32cube.ide.mcu.externaltools.gnu-tools-for-stm32.7-2018-q2-update.win32_1.0.0.201904181610/tools/bin/../lib/gcc/arm-none-eabi/7.3.1/../../../../arm-none-eabi/lib/thumb/v7e-m/fpv4-sp/hard\libc_nano.a(lib_a-nano-freer.o)
 .debug_frame   0x0000000000003330       0x2c d:/st/stm32cubeide_1.0.0/stm32cubeide/plugins/com.st.stm32cube.ide.mcu.externaltools.gnu-tools-for-stm32.7-2018-q2-update.win32_1.0.0.201904181610/tools/bin/../lib/gcc/arm-none-eabi/7.3.1/../../../../arm-none-eabi/lib/thumb/v7e-m/fpv4-sp/hard\libc_nano.a(lib_a-nano-mallocr.o)
 .debug_frame   0x000000000000335c       0x3c d:/st/stm32cubeide_1.0.0/stm32cubeide/plugins/com.st.stm32cube.ide.mcu.externaltools.gnu-tools-for-stm32.7-2018-q2-update.win32_1.0.0.201904181610/tools/bin/../lib/gcc/arm-none-eabi/7.3.1/../../../../arm-none-eabi/lib/thumb/v7e-m/fpv4-sp/hard\libc_nano.a(lib_a-nano-reallocr.o)
 .debug_frame   0x0000000000003398       0x2c d:/st/stm32cubeide_1.0.0/stm32cubeide/plugins/com.st.stm32cube.ide.mcu.externaltools.gnu-tools-for-stm32.7-2018-q2-update.win32_1.0.0.201904181610/tools/bin/../lib/gcc/arm-none-eabi/7.3.1/../../../../arm-none-eabi/lib/thumb/v7e-m/fpv4-sp/hard\libc_nano.a(lib_a-sbrkr.o)
 .debug_frame   0x00000000000033c4       0x30 d:/st/stm32cubeide_1.0.0/stm32cubeide/plugins/com.st.stm32cube.ide.mcu.externaltools.gnu-tools-for-stm32.7-2018-q2-update.win32_1.0.0.201904181610/tools/bin/../lib/gcc/arm-none-eabi/7.3.1/../../../../arm-none-eabi/lib/thumb/v7e-m/fpv4-sp/hard\libc_nano.a(lib_a-mlock.o)
 .debug_frame   0x00000000000033f4       0x20 d:/st/stm32cubeide_1.0.0/stm32cubeide/plugins/com.st.stm32cube.ide.mcu.externaltools.gnu-tools-for-stm32.7-2018-q2-update.win32_1.0.0.201904181610/tools/bin/../lib/gcc/arm-none-eabi/7.3.1/../../../../arm-none-eabi/lib/thumb/v7e-m/fpv4-sp/hard\libc_nano.a(lib_a-nano-msizer.o)
 .debug_frame   0x0000000000003414       0x5c d:/st/stm32cubeide_1.0.0/stm32cubeide/plugins/com.st.stm32cube.ide.mcu.externaltools.gnu-tools-for-stm32.7-2018-q2-update.win32_1.0.0.201904181610/tools/bin/../lib/gcc/arm-none-eabi/7.3.1/../../../../arm-none-eabi/lib/thumb/v7e-m/fpv4-sp/hard\libc_nano.a(lib_a-reent.o)
 .debug_frame   0x0000000000003470       0x2c d:/st/stm32cubeide_1.0.0/stm32cubeide/plugins/com.st.stm32cube.ide.mcu.externaltools.gnu-tools-for-stm32.7-2018-q2-update.win32_1.0.0.201904181610/tools/bin/../lib/gcc/arm-none-eabi/7.3.1/thumb/v7e-m/fpv4-sp/hard\libgcc.a(_aeabi_uldivmod.o)
 .debug_frame   0x000000000000349c       0x34 d:/st/stm32cubeide_1.0.0/stm32cubeide/plugins/com.st.stm32cube.ide.mcu.externaltools.gnu-tools-for-stm32.7-2018-q2-update.win32_1.0.0.201904181610/tools/bin/../lib/gcc/arm-none-eabi/7.3.1/thumb/v7e-m/fpv4-sp/hard\libgcc.a(_udivmoddi4.o)
